<?xml version="1.0"?>
<link_info>
   <banner>TI ARM Linker PC v5.1.6</banner>
   <copyright>Copyright (c) 1996-2014 Texas Instruments Incorporated</copyright>
   <link_time>0x551c1ad3</link_time>
   <link_errors>0x0</link_errors>
   <output_file>iot_postbox.out</output_file>
   <entry_point>
      <name>_c_int00</name>
      <address>0x2000e0c5</address>
   </entry_point>
   <input_file_list>
      <input_file id="fl-2">
         <path>.\</path>
         <kind>object</kind>
         <file>main.obj</file>
         <name>main.obj</name>
      </input_file>
      <input_file id="fl-3">
         <path>.\</path>
         <kind>object</kind>
         <file>network_if.obj</file>
         <name>network_if.obj</name>
      </input_file>
      <input_file id="fl-4">
         <path>.\</path>
         <kind>object</kind>
         <file>startup_ccs.obj</file>
         <name>startup_ccs.obj</name>
      </input_file>
      <input_file id="fl-5">
         <path>.\</path>
         <kind>object</kind>
         <file>uart_if.obj</file>
         <name>uart_if.obj</name>
      </input_file>
      <input_file id="fl-6">
         <path>.\</path>
         <kind>object</kind>
         <file>udma_if.obj</file>
         <name>udma_if.obj</name>
      </input_file>
      <input_file id="fl-7">
         <path>.\</path>
         <kind>object</kind>
         <file>wdt_if.obj</file>
         <name>wdt_if.obj</name>
      </input_file>
      <input_file id="fl-8">
         <path>.\source\system\</path>
         <kind>object</kind>
         <file>hibernate.obj</file>
         <name>hibernate.obj</name>
      </input_file>
      <input_file id="fl-9">
         <path>.\source\system\</path>
         <kind>object</kind>
         <file>system.obj</file>
         <name>system.obj</name>
      </input_file>
      <input_file id="fl-a">
         <path>.\source\</path>
         <kind>object</kind>
         <file>pin_mux_config.obj</file>
         <name>pin_mux_config.obj</name>
      </input_file>
      <input_file id="fl-b">
         <path>.\source\hardware\watchdog\</path>
         <kind>object</kind>
         <file>watchdog.obj</file>
         <name>watchdog.obj</name>
      </input_file>
      <input_file id="fl-c">
         <path>.\source\hardware\uart\</path>
         <kind>object</kind>
         <file>uartA0.obj</file>
         <name>uartA0.obj</name>
      </input_file>
      <input_file id="fl-13d">
         <path>c:\ti\ccsv6\tools\compiler\arm_5.1.6\lib\</path>
         <kind>archive</kind>
         <file>rtsv7M4_T_le_eabi.lib</file>
         <name>boot.obj</name>
      </input_file>
      <input_file id="fl-13e">
         <path>c:\ti\ccsv6\tools\compiler\arm_5.1.6\lib\</path>
         <kind>archive</kind>
         <file>rtsv7M4_T_le_eabi.lib</file>
         <name>copy_decompress_none.obj</name>
      </input_file>
      <input_file id="fl-13f">
         <path>c:\ti\ccsv6\tools\compiler\arm_5.1.6\lib\</path>
         <kind>archive</kind>
         <file>rtsv7M4_T_le_eabi.lib</file>
         <name>copy_decompress_rle.obj</name>
      </input_file>
      <input_file id="fl-140">
         <path>c:\ti\ccsv6\tools\compiler\arm_5.1.6\lib\</path>
         <kind>archive</kind>
         <file>rtsv7M4_T_le_eabi.lib</file>
         <name>copy_zero_init.obj</name>
      </input_file>
      <input_file id="fl-141">
         <path>c:\ti\ccsv6\tools\compiler\arm_5.1.6\lib\</path>
         <kind>archive</kind>
         <file>rtsv7M4_T_le_eabi.lib</file>
         <name>exit.obj</name>
      </input_file>
      <input_file id="fl-142">
         <path>c:\ti\ccsv6\tools\compiler\arm_5.1.6\lib\</path>
         <kind>archive</kind>
         <file>rtsv7M4_T_le_eabi.lib</file>
         <name>memcpy_t2.obj</name>
      </input_file>
      <input_file id="fl-143">
         <path>c:\ti\ccsv6\tools\compiler\arm_5.1.6\lib\</path>
         <kind>archive</kind>
         <file>rtsv7M4_T_le_eabi.lib</file>
         <name>memmov.obj</name>
      </input_file>
      <input_file id="fl-144">
         <path>c:\ti\ccsv6\tools\compiler\arm_5.1.6\lib\</path>
         <kind>archive</kind>
         <file>rtsv7M4_T_le_eabi.lib</file>
         <name>memory.obj</name>
      </input_file>
      <input_file id="fl-145">
         <path>c:\ti\ccsv6\tools\compiler\arm_5.1.6\lib\</path>
         <kind>archive</kind>
         <file>rtsv7M4_T_le_eabi.lib</file>
         <name>memset_t2.obj</name>
      </input_file>
      <input_file id="fl-146">
         <path>c:\ti\ccsv6\tools\compiler\arm_5.1.6\lib\</path>
         <kind>archive</kind>
         <file>rtsv7M4_T_le_eabi.lib</file>
         <name>stkdepth_vars.obj</name>
      </input_file>
      <input_file id="fl-147">
         <path>c:\ti\ccsv6\tools\compiler\arm_5.1.6\lib\</path>
         <kind>archive</kind>
         <file>rtsv7M4_T_le_eabi.lib</file>
         <name>strlen.obj</name>
      </input_file>
      <input_file id="fl-148">
         <path>c:\ti\ccsv6\tools\compiler\arm_5.1.6\lib\</path>
         <kind>archive</kind>
         <file>rtsv7M4_T_le_eabi.lib</file>
         <name>vsnprintf.obj</name>
      </input_file>
      <input_file id="fl-149">
         <path>c:\ti\ccsv6\tools\compiler\arm_5.1.6\lib\</path>
         <kind>archive</kind>
         <file>rtsv7M4_T_le_eabi.lib</file>
         <name>_lock.obj</name>
      </input_file>
      <input_file id="fl-14a">
         <path>c:\ti\ccsv6\tools\compiler\arm_5.1.6\lib\</path>
         <kind>archive</kind>
         <file>rtsv7M4_T_le_eabi.lib</file>
         <name>_printfi.obj</name>
      </input_file>
      <input_file id="fl-14b">
         <path>c:\ti\ccsv6\tools\compiler\arm_5.1.6\lib\</path>
         <kind>archive</kind>
         <file>rtsv7M4_T_le_eabi.lib</file>
         <name>args_main.obj</name>
      </input_file>
      <input_file id="fl-14c">
         <path>c:\ti\ccsv6\tools\compiler\arm_5.1.6\lib\</path>
         <kind>archive</kind>
         <file>rtsv7M4_T_le_eabi.lib</file>
         <name>atoi.obj</name>
      </input_file>
      <input_file id="fl-14d">
         <path>c:\ti\ccsv6\tools\compiler\arm_5.1.6\lib\</path>
         <kind>archive</kind>
         <file>rtsv7M4_T_le_eabi.lib</file>
         <name>auto_init.obj</name>
      </input_file>
      <input_file id="fl-14e">
         <path>c:\ti\ccsv6\tools\compiler\arm_5.1.6\lib\</path>
         <kind>archive</kind>
         <file>rtsv7M4_T_le_eabi.lib</file>
         <name>cpy_tbl.obj</name>
      </input_file>
      <input_file id="fl-14f">
         <path>c:\ti\ccsv6\tools\compiler\arm_5.1.6\lib\</path>
         <kind>archive</kind>
         <file>rtsv7M4_T_le_eabi.lib</file>
         <name>ctype.obj</name>
      </input_file>
      <input_file id="fl-150">
         <path>c:\ti\ccsv6\tools\compiler\arm_5.1.6\lib\</path>
         <kind>archive</kind>
         <file>rtsv7M4_T_le_eabi.lib</file>
         <name>fd_add_t2.obj</name>
      </input_file>
      <input_file id="fl-151">
         <path>c:\ti\ccsv6\tools\compiler\arm_5.1.6\lib\</path>
         <kind>archive</kind>
         <file>rtsv7M4_T_le_eabi.lib</file>
         <name>fd_cmp_t2.obj</name>
      </input_file>
      <input_file id="fl-152">
         <path>c:\ti\ccsv6\tools\compiler\arm_5.1.6\lib\</path>
         <kind>archive</kind>
         <file>rtsv7M4_T_le_eabi.lib</file>
         <name>fd_div_t2.obj</name>
      </input_file>
      <input_file id="fl-153">
         <path>c:\ti\ccsv6\tools\compiler\arm_5.1.6\lib\</path>
         <kind>archive</kind>
         <file>rtsv7M4_T_le_eabi.lib</file>
         <name>fd_mul_t2.obj</name>
      </input_file>
      <input_file id="fl-154">
         <path>c:\ti\ccsv6\tools\compiler\arm_5.1.6\lib\</path>
         <kind>archive</kind>
         <file>rtsv7M4_T_le_eabi.lib</file>
         <name>fd_toi_t2.obj</name>
      </input_file>
      <input_file id="fl-155">
         <path>c:\ti\ccsv6\tools\compiler\arm_5.1.6\lib\</path>
         <kind>archive</kind>
         <file>rtsv7M4_T_le_eabi.lib</file>
         <name>i_tofd_t2.obj</name>
      </input_file>
      <input_file id="fl-156">
         <path>c:\ti\ccsv6\tools\compiler\arm_5.1.6\lib\</path>
         <kind>archive</kind>
         <file>rtsv7M4_T_le_eabi.lib</file>
         <name>ll_mul_t2.obj</name>
      </input_file>
      <input_file id="fl-157">
         <path>c:\ti\ccsv6\tools\compiler\arm_5.1.6\lib\</path>
         <kind>archive</kind>
         <file>rtsv7M4_T_le_eabi.lib</file>
         <name>ltoa.obj</name>
      </input_file>
      <input_file id="fl-158">
         <path>c:\ti\ccsv6\tools\compiler\arm_5.1.6\lib\</path>
         <kind>archive</kind>
         <file>rtsv7M4_T_le_eabi.lib</file>
         <name>memccpy.obj</name>
      </input_file>
      <input_file id="fl-159">
         <path>c:\ti\ccsv6\tools\compiler\arm_5.1.6\lib\</path>
         <kind>archive</kind>
         <file>rtsv7M4_T_le_eabi.lib</file>
         <name>ull_div_t2.obj</name>
      </input_file>
      <input_file id="fl-15a">
         <path>c:\ti\ccsv6\tools\compiler\arm_5.1.6\lib\</path>
         <kind>archive</kind>
         <file>rtsv7M4_T_le_eabi.lib</file>
         <name>xdclass.obj</name>
      </input_file>
      <input_file id="fl-15b">
         <path>c:\ti\ccsv6\tools\compiler\arm_5.1.6\lib\</path>
         <kind>archive</kind>
         <file>rtsv7M4_T_le_eabi.lib</file>
         <name>xdtest.obj</name>
      </input_file>
      <input_file id="fl-15c">
         <path>C:\ti\CC3200SDK_1.0.0\cc3200-sdk\driverlib\ccs\Release\</path>
         <kind>archive</kind>
         <file>driverlib.a</file>
         <name>gpio.obj</name>
      </input_file>
      <input_file id="fl-15d">
         <path>C:\ti\CC3200SDK_1.0.0\cc3200-sdk\driverlib\ccs\Release\</path>
         <kind>archive</kind>
         <file>driverlib.a</file>
         <name>interrupt.obj</name>
      </input_file>
      <input_file id="fl-15e">
         <path>C:\ti\CC3200SDK_1.0.0\cc3200-sdk\driverlib\ccs\Release\</path>
         <kind>archive</kind>
         <file>driverlib.a</file>
         <name>pin.obj</name>
      </input_file>
      <input_file id="fl-15f">
         <path>C:\ti\CC3200SDK_1.0.0\cc3200-sdk\driverlib\ccs\Release\</path>
         <kind>archive</kind>
         <file>driverlib.a</file>
         <name>prcm.obj</name>
      </input_file>
      <input_file id="fl-160">
         <path>C:\ti\CC3200SDK_1.0.0\cc3200-sdk\driverlib\ccs\Release\</path>
         <kind>archive</kind>
         <file>driverlib.a</file>
         <name>uart.obj</name>
      </input_file>
      <input_file id="fl-161">
         <path>C:\ti\CC3200SDK_1.0.0\cc3200-sdk\driverlib\ccs\Release\</path>
         <kind>archive</kind>
         <file>driverlib.a</file>
         <name>udma.obj</name>
      </input_file>
      <input_file id="fl-162">
         <path>C:\ti\CC3200SDK_1.0.0\cc3200-sdk\driverlib\ccs\Release\</path>
         <kind>archive</kind>
         <file>driverlib.a</file>
         <name>utils.obj</name>
      </input_file>
      <input_file id="fl-163">
         <path>C:\ti\CC3200SDK_1.0.0\cc3200-sdk\driverlib\ccs\Release\</path>
         <kind>archive</kind>
         <file>driverlib.a</file>
         <name>wdt.obj</name>
      </input_file>
      <input_file id="fl-164">
         <path>C:\ti\CC3200SDK_1.0.0\cc3200-sdk\driverlib\ccs\Release\</path>
         <kind>archive</kind>
         <file>driverlib.a</file>
         <name>cpu.obj</name>
      </input_file>
      <input_file id="fl-165">
         <path>C:\ti\CC3200SDK_1.0.0\cc3200-sdk\driverlib\ccs\Release\</path>
         <kind>archive</kind>
         <file>driverlib.a</file>
         <name>flash.obj</name>
      </input_file>
      <input_file id="fl-166">
         <path>C:\ti\CC3200SDK_1.0.0\cc3200-sdk\simplelink\ccs\OS\</path>
         <kind>archive</kind>
         <file>simplelink.a</file>
         <name>device.obj</name>
      </input_file>
      <input_file id="fl-167">
         <path>C:\ti\CC3200SDK_1.0.0\cc3200-sdk\simplelink\ccs\OS\</path>
         <kind>archive</kind>
         <file>simplelink.a</file>
         <name>driver.obj</name>
      </input_file>
      <input_file id="fl-168">
         <path>C:\ti\CC3200SDK_1.0.0\cc3200-sdk\simplelink\ccs\OS\</path>
         <kind>archive</kind>
         <file>simplelink.a</file>
         <name>flowcont.obj</name>
      </input_file>
      <input_file id="fl-169">
         <path>C:\ti\CC3200SDK_1.0.0\cc3200-sdk\simplelink\ccs\OS\</path>
         <kind>archive</kind>
         <file>simplelink.a</file>
         <name>netapp.obj</name>
      </input_file>
      <input_file id="fl-16a">
         <path>C:\ti\CC3200SDK_1.0.0\cc3200-sdk\simplelink\ccs\OS\</path>
         <kind>archive</kind>
         <file>simplelink.a</file>
         <name>netcfg.obj</name>
      </input_file>
      <input_file id="fl-16b">
         <path>C:\ti\CC3200SDK_1.0.0\cc3200-sdk\simplelink\ccs\OS\</path>
         <kind>archive</kind>
         <file>simplelink.a</file>
         <name>socket.obj</name>
      </input_file>
      <input_file id="fl-16c">
         <path>C:\ti\CC3200SDK_1.0.0\cc3200-sdk\simplelink\ccs\OS\</path>
         <kind>archive</kind>
         <file>simplelink.a</file>
         <name>wlan.obj</name>
      </input_file>
      <input_file id="fl-16d">
         <path>C:\ti\CC3200SDK_1.0.0\cc3200-sdk\simplelink\ccs\OS\</path>
         <kind>archive</kind>
         <file>simplelink.a</file>
         <name>cc_pal.obj</name>
      </input_file>
      <input_file id="fl-16e">
         <path>C:\ti\CC3200SDK_1.0.0\cc3200-sdk\oslib\ccs\free_rtos\</path>
         <kind>archive</kind>
         <file>free_rtos.a</file>
         <name>osi_freertos.obj</name>
      </input_file>
      <input_file id="fl-16f">
         <path>C:\ti\CC3200SDK_1.0.0\cc3200-sdk\oslib\ccs\free_rtos\</path>
         <kind>archive</kind>
         <file>free_rtos.a</file>
         <name>port.obj</name>
      </input_file>
      <input_file id="fl-170">
         <path>C:\ti\CC3200SDK_1.0.0\cc3200-sdk\oslib\ccs\free_rtos\</path>
         <kind>archive</kind>
         <file>free_rtos.a</file>
         <name>portasm.obj</name>
      </input_file>
      <input_file id="fl-171">
         <path>C:\ti\CC3200SDK_1.0.0\cc3200-sdk\oslib\ccs\free_rtos\</path>
         <kind>archive</kind>
         <file>free_rtos.a</file>
         <name>queue.obj</name>
      </input_file>
      <input_file id="fl-172">
         <path>C:\ti\CC3200SDK_1.0.0\cc3200-sdk\oslib\ccs\free_rtos\</path>
         <kind>archive</kind>
         <file>free_rtos.a</file>
         <name>tasks.obj</name>
      </input_file>
      <input_file id="fl-173">
         <path>C:\ti\CC3200SDK_1.0.0\cc3200-sdk\oslib\ccs\free_rtos\</path>
         <kind>archive</kind>
         <file>free_rtos.a</file>
         <name>heap_3.obj</name>
      </input_file>
      <input_file id="fl-174">
         <path>C:\ti\CC3200SDK_1.0.0\cc3200-sdk\oslib\ccs\free_rtos\</path>
         <kind>archive</kind>
         <file>free_rtos.a</file>
         <name>list.obj</name>
      </input_file>
      <input_file id="fl-175">
         <path>C:\ti\CC3200SDK_1.0.0\cc3200-sdk\netapps\smtp\client\ccs\Release\</path>
         <kind>archive</kind>
         <file>libEmail.a</file>
         <name>email.obj</name>
      </input_file>
      <input_file id="fl-176">
         <path>C:\ti\CC3200SDK_1.0.0\cc3200-sdk\netapps\smtp\client\ccs\Release\</path>
         <kind>archive</kind>
         <file>libEmail.a</file>
         <name>base64.obj</name>
      </input_file>
      <input_file id="fl-177">
         <path>c:\ti\ccsv6\tools\compiler\arm_5.1.6\lib\</path>
         <kind>archive</kind>
         <file>rtsv7M4_T_le_eabi.lib</file>
         <name>ll_lsr_t2.obj</name>
      </input_file>
      <input_file id="fl-178">
         <path>c:\ti\ccsv6\tools\compiler\arm_5.1.6\lib\</path>
         <kind>archive</kind>
         <file>rtsv7M4_T_le_eabi.lib</file>
         <name>strcpy.obj</name>
      </input_file>
      <input_file id="fl-179">
         <path>c:\ti\ccsv6\tools\compiler\arm_5.1.6\lib\</path>
         <kind>archive</kind>
         <file>rtsv7M4_T_le_eabi.lib</file>
         <name>strncpy.obj</name>
      </input_file>
      <input_file id="fl-17a">
         <path>C:\ti\CC3200SDK_1.0.0\cc3200-sdk\driverlib\ccs\Release\</path>
         <kind>archive</kind>
         <file>driverlib.a</file>
         <name>spi.obj</name>
      </input_file>
   </input_file_list>
   <object_component_list>
      <object_component id="oc-e">
         <name>.intvecs</name>
         <load_address>0x20004000</load_address>
         <run_address>0x20004000</run_address>
         <size>0x400</size>
         <input_file_ref idref="fl-4"/>
      </object_component>
      <object_component id="oc-7a">
         <name>.text</name>
         <load_address>0x20004400</load_address>
         <run_address>0x20004400</run_address>
         <size>0x1258</size>
         <input_file_ref idref="fl-172"/>
      </object_component>
      <object_component id="oc-e3">
         <name>.text</name>
         <load_address>0x20005658</load_address>
         <run_address>0x20005658</run_address>
         <size>0xeec</size>
         <input_file_ref idref="fl-3"/>
      </object_component>
      <object_component id="oc-3f6">
         <name>.text</name>
         <load_address>0x20006544</load_address>
         <run_address>0x20006544</run_address>
         <size>0xec0</size>
         <input_file_ref idref="fl-14a"/>
      </object_component>
      <object_component id="oc-2c3">
         <name>.text</name>
         <load_address>0x20007404</load_address>
         <run_address>0x20007404</run_address>
         <size>0xba4</size>
         <input_file_ref idref="fl-175"/>
      </object_component>
      <object_component id="oc-2f4">
         <name>.text</name>
         <load_address>0x20007fa8</load_address>
         <run_address>0x20007fa8</run_address>
         <size>0xb24</size>
         <input_file_ref idref="fl-171"/>
      </object_component>
      <object_component id="oc-149">
         <name>.text</name>
         <load_address>0x20008acc</load_address>
         <run_address>0x20008acc</run_address>
         <size>0x788</size>
         <input_file_ref idref="fl-9"/>
      </object_component>
      <object_component id="oc-14f">
         <name>.text</name>
         <load_address>0x20009254</load_address>
         <run_address>0x20009254</run_address>
         <size>0x45c</size>
         <input_file_ref idref="fl-16e"/>
      </object_component>
      <object_component id="oc-210">
         <name>.text</name>
         <load_address>0x200096b0</load_address>
         <run_address>0x200096b0</run_address>
         <size>0x3cc</size>
         <input_file_ref idref="fl-144"/>
      </object_component>
      <object_component id="oc-6d2">
         <name>.text:_SlDrvMsgRead</name>
         <load_address>0x20009a7c</load_address>
         <run_address>0x20009a7c</run_address>
         <size>0x3a6</size>
         <input_file_ref idref="fl-167"/>
      </object_component>
      <object_component id="oc-4f2">
         <name>.text:IntDefaultHandler</name>
         <load_address>0x20009e22</load_address>
         <run_address>0x20009e22</run_address>
         <size>0x2</size>
         <input_file_ref idref="fl-15d"/>
      </object_component>
      <object_component id="oc-6d8">
         <name>.text:_SlAsyncEventGenericHandler</name>
         <load_address>0x20009e24</load_address>
         <run_address>0x20009e24</run_address>
         <size>0x34c</size>
         <input_file_ref idref="fl-167"/>
      </object_component>
      <object_component id="oc-180">
         <name>.text</name>
         <load_address>0x2000a170</load_address>
         <run_address>0x2000a170</run_address>
         <size>0x26c</size>
         <input_file_ref idref="fl-5"/>
      </object_component>
      <object_component id="oc-2cf">
         <name>.text</name>
         <load_address>0x2000a3dc</load_address>
         <run_address>0x2000a3dc</run_address>
         <size>0x200</size>
         <input_file_ref idref="fl-6"/>
      </object_component>
      <object_component id="oc-5e5">
         <name>.text</name>
         <load_address>0x2000a5dc</load_address>
         <run_address>0x2000a5dc</run_address>
         <size>0x1f4</size>
         <input_file_ref idref="fl-159"/>
      </object_component>
      <object_component id="oc-613">
         <name>.text</name>
         <load_address>0x2000a7d0</load_address>
         <run_address>0x2000a7d0</run_address>
         <size>0x1b6</size>
         <input_file_ref idref="fl-150"/>
      </object_component>
      <object_component id="oc-1e7">
         <name>.text:sl_WlanConnect</name>
         <load_address>0x2000a988</load_address>
         <run_address>0x2000a988</run_address>
         <size>0x19c</size>
         <input_file_ref idref="fl-16c"/>
      </object_component>
      <object_component id="oc-660">
         <name>.text:_SlDrvDataReadOp</name>
         <load_address>0x2000ab24</load_address>
         <run_address>0x2000ab24</run_address>
         <size>0x164</size>
         <input_file_ref idref="fl-167"/>
      </object_component>
      <object_component id="oc-751">
         <name>.text:_SlDrvRxHdrRead</name>
         <load_address>0x2000ac88</load_address>
         <run_address>0x2000ac88</run_address>
         <size>0x140</size>
         <input_file_ref idref="fl-167"/>
      </object_component>
      <object_component id="oc-473">
         <name>.text</name>
         <load_address>0x2000adc8</load_address>
         <run_address>0x2000adc8</run_address>
         <size>0x13c</size>
         <input_file_ref idref="fl-176"/>
      </object_component>
      <object_component id="oc-5f9">
         <name>.text</name>
         <load_address>0x2000af04</load_address>
         <run_address>0x2000af04</run_address>
         <size>0x136</size>
         <input_file_ref idref="fl-152"/>
      </object_component>
      <object_component id="oc-12b">
         <name>.text:PRCMCC3200MCUInit</name>
         <load_address>0x2000b03c</load_address>
         <run_address>0x2000b03c</run_address>
         <size>0x134</size>
         <input_file_ref idref="fl-15f"/>
      </object_component>
      <object_component id="oc-329">
         <name>.text:spi_Open</name>
         <load_address>0x2000b170</load_address>
         <run_address>0x2000b170</run_address>
         <size>0x130</size>
         <input_file_ref idref="fl-16d"/>
      </object_component>
      <object_component id="oc-677">
         <name>.text:_SlDrvDataWriteOp</name>
         <load_address>0x2000b2a0</load_address>
         <run_address>0x2000b2a0</run_address>
         <size>0x12c</size>
         <input_file_ref idref="fl-167"/>
      </object_component>
      <object_component id="oc-d2">
         <name>.text</name>
         <load_address>0x2000b3cc</load_address>
         <run_address>0x2000b3cc</run_address>
         <size>0x12a</size>
         <input_file_ref idref="fl-174"/>
      </object_component>
      <object_component id="oc-58e">
         <name>.text:_SlDrvMsgWrite</name>
         <load_address>0x2000b4f8</load_address>
         <run_address>0x2000b4f8</run_address>
         <size>0x114</size>
         <input_file_ref idref="fl-167"/>
      </object_component>
      <object_component id="oc-37">
         <name>.text</name>
         <load_address>0x2000b60c</load_address>
         <run_address>0x2000b60c</run_address>
         <size>0x110</size>
         <input_file_ref idref="fl-16f"/>
      </object_component>
      <object_component id="oc-32f">
         <name>.text:_SlDrvWaitForPoolObj</name>
         <load_address>0x2000b71c</load_address>
         <run_address>0x2000b71c</run_address>
         <size>0x10c</size>
         <input_file_ref idref="fl-167"/>
      </object_component>
      <object_component id="oc-347">
         <name>.text:_SlDrvReleasePoolObj</name>
         <load_address>0x2000b828</load_address>
         <run_address>0x2000b828</run_address>
         <size>0x104</size>
         <input_file_ref idref="fl-167"/>
      </object_component>
      <object_component id="oc-5f4">
         <name>.text</name>
         <load_address>0x2000b92c</load_address>
         <run_address>0x2000b92c</run_address>
         <size>0xfc</size>
         <input_file_ref idref="fl-153"/>
      </object_component>
      <object_component id="oc-137">
         <name>.text</name>
         <load_address>0x2000ba28</load_address>
         <run_address>0x2000ba28</run_address>
         <size>0xf4</size>
         <input_file_ref idref="fl-c"/>
      </object_component>
      <object_component id="oc-4b7">
         <name>.text:uDMAChannelTransferSet</name>
         <load_address>0x2000bb1c</load_address>
         <run_address>0x2000bb1c</run_address>
         <size>0xf0</size>
         <input_file_ref idref="fl-161"/>
      </object_component>
      <object_component id="oc-445">
         <name>.text:sl_Connect</name>
         <load_address>0x2000bc0c</load_address>
         <run_address>0x2000bc0c</run_address>
         <size>0xe8</size>
         <input_file_ref idref="fl-16b"/>
      </object_component>
      <object_component id="oc-6df">
         <name>.text:spi_Write</name>
         <load_address>0x2000bcf4</load_address>
         <run_address>0x2000bcf4</run_address>
         <size>0xe8</size>
         <input_file_ref idref="fl-16d"/>
      </object_component>
      <object_component id="oc-1f5">
         <name>.text:sl_NetAppDnsGetHostByName</name>
         <load_address>0x2000bddc</load_address>
         <run_address>0x2000bddc</run_address>
         <size>0xd8</size>
         <input_file_ref idref="fl-169"/>
      </object_component>
      <object_component id="oc-75d">
         <name>.text:spi_Read</name>
         <load_address>0x2000beb4</load_address>
         <run_address>0x2000beb4</run_address>
         <size>0xcc</size>
         <input_file_ref idref="fl-16d"/>
      </object_component>
      <object_component id="oc-1a1">
         <name>.text:sl_Stop</name>
         <load_address>0x2000bf80</load_address>
         <run_address>0x2000bf80</run_address>
         <size>0xc4</size>
         <input_file_ref idref="fl-166"/>
      </object_component>
      <object_component id="oc-195">
         <name>.text:sl_Start</name>
         <load_address>0x2000c044</load_address>
         <run_address>0x2000c044</run_address>
         <size>0xc0</size>
         <input_file_ref idref="fl-166"/>
      </object_component>
      <object_component id="oc-32">
         <name>.text</name>
         <load_address>0x2000c104</load_address>
         <run_address>0x2000c104</run_address>
         <size>0xba</size>
         <input_file_ref idref="fl-170"/>
      </object_component>
      <object_component id="oc-594">
         <name>.text:_SlDrvMsgReadCmdCtx</name>
         <load_address>0x2000c1c0</load_address>
         <run_address>0x2000c1c0</run_address>
         <size>0xb4</size>
         <input_file_ref idref="fl-167"/>
      </object_component>
      <object_component id="oc-7a2">
         <name>.text:_SlDrvNetAppEventHandler</name>
         <load_address>0x2000c274</load_address>
         <run_address>0x2000c274</run_address>
         <size>0xb2</size>
         <input_file_ref idref="fl-169"/>
      </object_component>
      <object_component id="oc-46a">
         <name>.text:sl_Send</name>
         <load_address>0x2000c328</load_address>
         <run_address>0x2000c328</run_address>
         <size>0xb0</size>
         <input_file_ref idref="fl-16b"/>
      </object_component>
      <object_component id="oc-2e8">
         <name>.text:IntDisable</name>
         <load_address>0x2000c3d8</load_address>
         <run_address>0x2000c3d8</run_address>
         <size>0xa8</size>
         <input_file_ref idref="fl-15d"/>
      </object_component>
      <object_component id="oc-125">
         <name>.text:IntEnable</name>
         <load_address>0x2000c480</load_address>
         <run_address>0x2000c480</run_address>
         <size>0xa8</size>
         <input_file_ref idref="fl-15d"/>
      </object_component>
      <object_component id="oc-524">
         <name>.text:SPIConfigSetExpClk</name>
         <load_address>0x2000c528</load_address>
         <run_address>0x2000c528</run_address>
         <size>0xa0</size>
         <input_file_ref idref="fl-17a"/>
      </object_component>
      <object_component id="oc-55">
         <name>.text</name>
         <load_address>0x2000c5c8</load_address>
         <run_address>0x2000c5c8</run_address>
         <size>0x9c</size>
         <input_file_ref idref="fl-142"/>
      </object_component>
      <object_component id="oc-763">
         <name>.text:_SlFindAndSetActiveObj</name>
         <load_address>0x2000c664</load_address>
         <run_address>0x2000c664</run_address>
         <size>0x98</size>
         <input_file_ref idref="fl-167"/>
      </object_component>
      <object_component id="oc-285">
         <name>.text:PRCMPeripheralClockGet</name>
         <load_address>0x2000c6fc</load_address>
         <run_address>0x2000c6fc</run_address>
         <size>0x94</size>
         <input_file_ref idref="fl-15f"/>
      </object_component>
      <object_component id="oc-757">
         <name>.text:_SlDrvClassifyRxMsg</name>
         <load_address>0x2000c790</load_address>
         <run_address>0x2000c790</run_address>
         <size>0x94</size>
         <input_file_ref idref="fl-167"/>
      </object_component>
      <object_component id="oc-143">
         <name>.text</name>
         <load_address>0x2000c824</load_address>
         <run_address>0x2000c824</run_address>
         <size>0x94</size>
         <input_file_ref idref="fl-8"/>
      </object_component>
      <object_component id="oc-40">
         <name>.text</name>
         <load_address>0x2000c8b8</load_address>
         <run_address>0x2000c8b8</run_address>
         <size>0x94</size>
         <input_file_ref idref="fl-14d"/>
      </object_component>
      <object_component id="oc-580">
         <name>.text:_SlDrvMsgReadSpawnCtx</name>
         <load_address>0x2000c94c</load_address>
         <run_address>0x2000c94c</run_address>
         <size>0x90</size>
         <input_file_ref idref="fl-167"/>
      </object_component>
      <object_component id="oc-2bc">
         <name>.text:PRCMHibernateIntervalSet</name>
         <load_address>0x2000c9dc</load_address>
         <run_address>0x2000c9dc</run_address>
         <size>0x88</size>
         <input_file_ref idref="fl-15f"/>
      </object_component>
      <object_component id="oc-3dd">
         <name>.text:PinConfigSet</name>
         <load_address>0x2000ca64</load_address>
         <run_address>0x2000ca64</run_address>
         <size>0x88</size>
         <input_file_ref idref="fl-15e"/>
      </object_component>
      <object_component id="oc-297">
         <name>.text</name>
         <load_address>0x2000caec</load_address>
         <run_address>0x2000caec</run_address>
         <size>0x88</size>
         <input_file_ref idref="fl-148"/>
      </object_component>
      <object_component id="oc-3a5">
         <name>.text:sl_NetAppMDNSRegisterUnregisterService</name>
         <load_address>0x2000cb74</load_address>
         <run_address>0x2000cb74</run_address>
         <size>0x88</size>
         <input_file_ref idref="fl-169"/>
      </object_component>
      <object_component id="oc-5ef">
         <name>.text:__aeabi_cdcmple</name>
         <load_address>0x2000cbfc</load_address>
         <run_address>0x2000cbfc</run_address>
         <size>0x86</size>
         <input_file_ref idref="fl-151"/>
      </object_component>
      <object_component id="oc-5fe">
         <name>.text:__aeabi_cdrcmple</name>
         <load_address>0x2000cc82</load_address>
         <run_address>0x2000cc82</run_address>
         <size>0x86</size>
         <input_file_ref idref="fl-151"/>
      </object_component>
      <object_component id="oc-364">
         <name>.text:_SlDrvCmdOp</name>
         <load_address>0x2000cd08</load_address>
         <run_address>0x2000cd08</run_address>
         <size>0x84</size>
         <input_file_ref idref="fl-167"/>
      </object_component>
      <object_component id="oc-31d">
         <name>.text:NwpPowerOnPreamble</name>
         <load_address>0x2000cd8c</load_address>
         <run_address>0x2000cd8c</run_address>
         <size>0x80</size>
         <input_file_ref idref="fl-16d"/>
      </object_component>
      <object_component id="oc-323">
         <name>.text:_SlDrvDriverCBInit</name>
         <load_address>0x2000ce0c</load_address>
         <run_address>0x2000ce0c</run_address>
         <size>0x7c</size>
         <input_file_ref idref="fl-167"/>
      </object_component>
      <object_component id="oc-6fd">
         <name>.text:_sl_HandleAsync_DnsGetHostByName</name>
         <load_address>0x2000ce88</load_address>
         <run_address>0x2000ce88</run_address>
         <size>0x7c</size>
         <input_file_ref idref="fl-169"/>
      </object_component>
      <object_component id="oc-1a7">
         <name>.text:sl_DevGet</name>
         <load_address>0x2000cf04</load_address>
         <run_address>0x2000cf04</run_address>
         <size>0x7c</size>
         <input_file_ref idref="fl-166"/>
      </object_component>
      <object_component id="oc-7af">
         <name>.text:SetupDMAReceive</name>
         <load_address>0x2000cf80</load_address>
         <run_address>0x2000cf80</run_address>
         <size>0x78</size>
         <input_file_ref idref="fl-16d"/>
      </object_component>
      <object_component id="oc-f4">
         <name>.text</name>
         <load_address>0x2000cff8</load_address>
         <run_address>0x2000cff8</run_address>
         <size>0x78</size>
         <input_file_ref idref="fl-145"/>
      </object_component>
      <object_component id="oc-1ee">
         <name>.text:sl_NetCfgGet</name>
         <load_address>0x2000d070</load_address>
         <run_address>0x2000d070</run_address>
         <size>0x78</size>
         <input_file_ref idref="fl-16a"/>
      </object_component>
      <object_component id="oc-28b">
         <name>.text:UARTConfigSetExpClk</name>
         <load_address>0x2000d0e8</load_address>
         <run_address>0x2000d0e8</run_address>
         <size>0x76</size>
         <input_file_ref idref="fl-160"/>
      </object_component>
      <object_component id="oc-7c9">
         <name>.text:_sl_HandleAsync_InitComplete</name>
         <load_address>0x2000d160</load_address>
         <run_address>0x2000d160</run_address>
         <size>0x74</size>
         <input_file_ref idref="fl-166"/>
      </object_component>
      <object_component id="oc-375">
         <name>.text:spi_Close</name>
         <load_address>0x2000d1d4</load_address>
         <run_address>0x2000d1d4</run_address>
         <size>0x74</size>
         <input_file_ref idref="fl-16d"/>
      </object_component>
      <object_component id="oc-709">
         <name>.text:_sl_HandleAsync_PingResponse</name>
         <load_address>0x2000d248</load_address>
         <run_address>0x2000d248</run_address>
         <size>0x70</size>
         <input_file_ref idref="fl-169"/>
      </object_component>
      <object_component id="oc-671">
         <name>.text:_sl_TruncatePayloadByProtocol</name>
         <load_address>0x2000d2b8</load_address>
         <run_address>0x2000d2b8</run_address>
         <size>0x6e</size>
         <input_file_ref idref="fl-16b"/>
      </object_component>
      <object_component id="oc-2aa">
         <name>.text:PRCMHibernateWakeUpGPIOSelect</name>
         <load_address>0x2000d328</load_address>
         <run_address>0x2000d328</run_address>
         <size>0x68</size>
         <input_file_ref idref="fl-15f"/>
      </object_component>
      <object_component id="oc-6f1">
         <name>.text:_sl_HandleAsync_Connect</name>
         <load_address>0x2000d390</load_address>
         <run_address>0x2000d390</run_address>
         <size>0x68</size>
         <input_file_ref idref="fl-16b"/>
      </object_component>
      <object_component id="oc-703">
         <name>.text:_sl_HandleAsync_DnsGetHostByService</name>
         <load_address>0x2000d3f8</load_address>
         <run_address>0x2000d3f8</run_address>
         <size>0x68</size>
         <input_file_ref idref="fl-169"/>
      </object_component>
      <object_component id="oc-6eb">
         <name>.text:_sl_HandleAsync_Accept</name>
         <load_address>0x2000d460</load_address>
         <run_address>0x2000d460</run_address>
         <size>0x64</size>
         <input_file_ref idref="fl-16b"/>
      </object_component>
      <object_component id="oc-4a5">
         <name>.text:uDMAChannelAttributeDisable</name>
         <load_address>0x2000d4c4</load_address>
         <run_address>0x2000d4c4</run_address>
         <size>0x64</size>
         <input_file_ref idref="fl-161"/>
      </object_component>
      <object_component id="oc-4b1">
         <name>.text:uDMAChannelAttributeEnable</name>
         <load_address>0x2000d528</load_address>
         <run_address>0x2000d528</run_address>
         <size>0x64</size>
         <input_file_ref idref="fl-161"/>
      </object_component>
      <object_component id="oc-68">
         <name>.text</name>
         <load_address>0x2000d58c</load_address>
         <run_address>0x2000d58c</run_address>
         <size>0x5e</size>
         <input_file_ref idref="fl-13f"/>
      </object_component>
      <object_component id="oc-608">
         <name>.text</name>
         <load_address>0x2000d5ea</load_address>
         <run_address>0x2000d5ea</run_address>
         <size>0x5a</size>
         <input_file_ref idref="fl-157"/>
      </object_component>
      <object_component id="oc-563">
         <name>.text:IntPendClear</name>
         <load_address>0x2000d644</load_address>
         <run_address>0x2000d644</run_address>
         <size>0x58</size>
         <input_file_ref idref="fl-15d"/>
      </object_component>
      <object_component id="oc-259">
         <name>.text:PRCMPeripheralReset</name>
         <load_address>0x2000d69c</load_address>
         <run_address>0x2000d69c</run_address>
         <size>0x58</size>
         <input_file_ref idref="fl-15f"/>
      </object_component>
      <object_component id="oc-37b">
         <name>.text:_SlDrvDriverCBDeinit</name>
         <load_address>0x2000d6f4</load_address>
         <run_address>0x2000d6f4</run_address>
         <size>0x58</size>
         <input_file_ref idref="fl-167"/>
      </object_component>
      <object_component id="oc-6f7">
         <name>.text:_sl_HandleAsync_Select</name>
         <load_address>0x2000d74c</load_address>
         <run_address>0x2000d74c</run_address>
         <size>0x58</size>
         <input_file_ref idref="fl-16b"/>
      </object_component>
      <object_component id="oc-2e2">
         <name>.text:IntPrioritySet</name>
         <load_address>0x2000d7a4</load_address>
         <run_address>0x2000d7a4</run_address>
         <size>0x54</size>
         <input_file_ref idref="fl-15d"/>
      </object_component>
      <object_component id="oc-70f">
         <name>.text:_sl_HandleAsync_Stop</name>
         <load_address>0x2000d7f8</load_address>
         <run_address>0x2000d7f8</run_address>
         <size>0x54</size>
         <input_file_ref idref="fl-166"/>
      </object_component>
      <object_component id="oc-7c2">
         <name>.text:sl_NetAppSendTokenValue</name>
         <load_address>0x2000d84c</load_address>
         <run_address>0x2000d84c</run_address>
         <size>0x54</size>
         <input_file_ref idref="fl-169"/>
      </object_component>
      <object_component id="oc-542">
         <name>.text:SPIIntEnable</name>
         <load_address>0x2000d8a0</load_address>
         <run_address>0x2000d8a0</run_address>
         <size>0x4c</size>
         <input_file_ref idref="fl-17a"/>
      </object_component>
      <object_component id="oc-624">
         <name>.text</name>
         <load_address>0x2000d8ec</load_address>
         <run_address>0x2000d8ec</run_address>
         <size>0x4c</size>
         <input_file_ref idref="fl-14c"/>
      </object_component>
      <object_component id="oc-436">
         <name>.text:sl_SetSockOpt</name>
         <load_address>0x2000d938</load_address>
         <run_address>0x2000d938</run_address>
         <size>0x4c</size>
         <input_file_ref idref="fl-16b"/>
      </object_component>
      <object_component id="oc-49f">
         <name>.text:uDMAChannelAssign</name>
         <load_address>0x2000d984</load_address>
         <run_address>0x2000d984</run_address>
         <size>0x4c</size>
         <input_file_ref idref="fl-161"/>
      </object_component>
      <object_component id="oc-34d">
         <name>.text:_sl_GetStartResponseConvert</name>
         <load_address>0x2000d9d0</load_address>
         <run_address>0x2000d9d0</run_address>
         <size>0x4a</size>
         <input_file_ref idref="fl-166"/>
      </object_component>
      <object_component id="oc-2b0">
         <name>.text:PRCMHibernateWakeupSourceEnable</name>
         <load_address>0x2000da1c</load_address>
         <run_address>0x2000da1c</run_address>
         <size>0x48</size>
         <input_file_ref idref="fl-15f"/>
      </object_component>
      <object_component id="oc-6c4">
         <name>.text:SPIIntClear</name>
         <load_address>0x2000da64</load_address>
         <run_address>0x2000da64</run_address>
         <size>0x48</size>
         <input_file_ref idref="fl-17a"/>
      </object_component>
      <object_component id="oc-603">
         <name>.text</name>
         <load_address>0x2000daac</load_address>
         <run_address>0x2000daac</run_address>
         <size>0x48</size>
         <input_file_ref idref="fl-154"/>
      </object_component>
      <object_component id="oc-1c5">
         <name>.text:sl_WlanSet</name>
         <load_address>0x2000daf4</load_address>
         <run_address>0x2000daf4</run_address>
         <size>0x48</size>
         <input_file_ref idref="fl-16c"/>
      </object_component>
      <object_component id="oc-6ba">
         <name>.text:SPIDmaMaskGet</name>
         <load_address>0x2000db3c</load_address>
         <run_address>0x2000db3c</run_address>
         <size>0x44</size>
         <input_file_ref idref="fl-17a"/>
      </object_component>
      <object_component id="oc-9a">
         <name>.text</name>
         <load_address>0x2000db80</load_address>
         <run_address>0x2000db80</run_address>
         <size>0x44</size>
         <input_file_ref idref="fl-14e"/>
      </object_component>
      <object_component id="oc-4b">
         <name>.text</name>
         <load_address>0x2000dbc4</load_address>
         <run_address>0x2000dbc4</run_address>
         <size>0x44</size>
         <input_file_ref idref="fl-141"/>
      </object_component>
      <object_component id="oc-725">
         <name>.text</name>
         <load_address>0x2000dc08</load_address>
         <run_address>0x2000dc08</run_address>
         <size>0x44</size>
         <input_file_ref idref="fl-15b"/>
      </object_component>
      <object_component id="oc-1bf">
         <name>.text:sl_NetCfgSet</name>
         <load_address>0x2000dc4c</load_address>
         <run_address>0x2000dc4c</run_address>
         <size>0x44</size>
         <input_file_ref idref="fl-16a"/>
      </object_component>
      <object_component id="oc-454">
         <name>.text:sl_Recv</name>
         <load_address>0x2000dc90</load_address>
         <run_address>0x2000dc90</run_address>
         <size>0x44</size>
         <input_file_ref idref="fl-16b"/>
      </object_component>
      <object_component id="oc-3d7">
         <name>.text:PinModeSet</name>
         <load_address>0x2000dcd4</load_address>
         <run_address>0x2000dcd4</run_address>
         <size>0x40</size>
         <input_file_ref idref="fl-15e"/>
      </object_component>
      <object_component id="oc-356">
         <name>.text:_SlDrvRxIrqHandler</name>
         <load_address>0x2000dd14</load_address>
         <run_address>0x2000dd14</run_address>
         <size>0x40</size>
         <input_file_ref idref="fl-167"/>
      </object_component>
      <object_component id="oc-56b">
         <name>.text:_SlRemoveFromList</name>
         <load_address>0x2000dd54</load_address>
         <run_address>0x2000dd54</run_address>
         <size>0x40</size>
         <input_file_ref idref="fl-167"/>
      </object_component>
      <object_component id="oc-a1">
         <name>.text</name>
         <load_address>0x2000dd94</load_address>
         <run_address>0x2000dd94</run_address>
         <size>0x40</size>
         <input_file_ref idref="fl-2"/>
      </object_component>
      <object_component id="oc-1ad">
         <name>.text:sl_WlanPolicySet</name>
         <load_address>0x2000ddd4</load_address>
         <run_address>0x2000ddd4</run_address>
         <size>0x40</size>
         <input_file_ref idref="fl-16c"/>
      </object_component>
      <object_component id="oc-1d7">
         <name>.text:sl_WlanRxFilterSet</name>
         <load_address>0x2000de14</load_address>
         <run_address>0x2000de14</run_address>
         <size>0x40</size>
         <input_file_ref idref="fl-16c"/>
      </object_component>
      <object_component id="oc-335">
         <name>.text:NwpPowerOff</name>
         <load_address>0x2000de54</load_address>
         <run_address>0x2000de54</run_address>
         <size>0x3c</size>
         <input_file_ref idref="fl-16d"/>
      </object_component>
      <object_component id="oc-253">
         <name>.text:PRCMPeripheralClkEnable</name>
         <load_address>0x2000de90</load_address>
         <run_address>0x2000de90</run_address>
         <size>0x3c</size>
         <input_file_ref idref="fl-15f"/>
      </object_component>
      <object_component id="oc-505">
         <name>.text:_SlDrvObjInit</name>
         <load_address>0x2000decc</load_address>
         <run_address>0x2000decc</run_address>
         <size>0x3c</size>
         <input_file_ref idref="fl-167"/>
      </object_component>
      <object_component id="oc-131">
         <name>.text</name>
         <load_address>0x2000df08</load_address>
         <run_address>0x2000df08</run_address>
         <size>0x3c</size>
         <input_file_ref idref="fl-a"/>
      </object_component>
      <object_component id="oc-4ab">
         <name>.text:uDMAChannelControlSet</name>
         <load_address>0x2000df44</load_address>
         <run_address>0x2000df44</run_address>
         <size>0x3c</size>
         <input_file_ref idref="fl-161"/>
      </object_component>
      <object_component id="oc-ee">
         <name>.text</name>
         <load_address>0x2000df80</load_address>
         <run_address>0x2000df80</run_address>
         <size>0x38</size>
         <input_file_ref idref="fl-173"/>
      </object_component>
      <object_component id="oc-42a">
         <name>.text:sl_Htonl</name>
         <load_address>0x2000dfb8</load_address>
         <run_address>0x2000dfb8</run_address>
         <size>0x38</size>
         <input_file_ref idref="fl-16b"/>
      </object_component>
      <object_component id="oc-278">
         <name>.text:GPIODirModeSet</name>
         <load_address>0x2000dff0</load_address>
         <run_address>0x2000dff0</run_address>
         <size>0x36</size>
         <input_file_ref idref="fl-15c"/>
      </object_component>
      <object_component id="oc-52a">
         <name>.text:PRCMPeripheralStatusGet</name>
         <load_address>0x2000e028</load_address>
         <run_address>0x2000e028</run_address>
         <size>0x34</size>
         <input_file_ref idref="fl-15f"/>
      </object_component>
      <object_component id="oc-53c">
         <name>.text:SPIFIFOLevelSet</name>
         <load_address>0x2000e05c</load_address>
         <run_address>0x2000e05c</run_address>
         <size>0x34</size>
         <input_file_ref idref="fl-17a"/>
      </object_component>
      <object_component id="oc-392">
         <name>.text:_SlDrvBasicCmd</name>
         <load_address>0x2000e090</load_address>
         <run_address>0x2000e090</run_address>
         <size>0x34</size>
         <input_file_ref idref="fl-167"/>
      </object_component>
      <object_component id="oc-11">
         <name>.text</name>
         <load_address>0x2000e0c4</load_address>
         <run_address>0x2000e0c4</run_address>
         <size>0x34</size>
         <input_file_ref idref="fl-13d"/>
      </object_component>
      <object_component id="oc-424">
         <name>.text:sl_Htons</name>
         <load_address>0x2000e0f8</load_address>
         <run_address>0x2000e0f8</run_address>
         <size>0x34</size>
         <input_file_ref idref="fl-16b"/>
      </object_component>
      <object_component id="oc-341">
         <name>.text:NwpPowerOn</name>
         <load_address>0x2000e12c</load_address>
         <run_address>0x2000e12c</run_address>
         <size>0x30</size>
         <input_file_ref idref="fl-16d"/>
      </object_component>
      <object_component id="oc-272">
         <name>.text:PinTypeGPIO</name>
         <load_address>0x2000e15c</load_address>
         <run_address>0x2000e15c</run_address>
         <size>0x30</size>
         <input_file_ref idref="fl-15e"/>
      </object_component>
      <object_component id="oc-3e8">
         <name>.text:UARTDisable</name>
         <load_address>0x2000e18c</load_address>
         <run_address>0x2000e18c</run_address>
         <size>0x30</size>
         <input_file_ref idref="fl-160"/>
      </object_component>
      <object_component id="oc-414">
         <name>.text</name>
         <load_address>0x2000e1bc</load_address>
         <run_address>0x2000e1bc</run_address>
         <size>0x30</size>
         <input_file_ref idref="fl-179"/>
      </object_component>
      <object_component id="oc-430">
         <name>.text:sl_Socket</name>
         <load_address>0x2000e1ec</load_address>
         <run_address>0x2000e1ec</run_address>
         <size>0x30</size>
         <input_file_ref idref="fl-16b"/>
      </object_component>
      <object_component id="oc-60e">
         <name>.text</name>
         <load_address>0x2000e21c</load_address>
         <run_address>0x2000e21c</run_address>
         <size>0x2e</size>
         <input_file_ref idref="fl-155"/>
      </object_component>
      <object_component id="oc-551">
         <name>.text:DmaSpiSwIntHandler</name>
         <load_address>0x2000e24c</load_address>
         <run_address>0x2000e24c</run_address>
         <size>0x2c</size>
         <input_file_ref idref="fl-16d"/>
      </object_component>
      <object_component id="oc-265">
         <name>.text:PRCMSysResetCauseGet</name>
         <load_address>0x2000e278</load_address>
         <run_address>0x2000e278</run_address>
         <size>0x2c</size>
         <input_file_ref idref="fl-15f"/>
      </object_component>
      <object_component id="oc-5ac">
         <name>.text:_SlDrvFlowContDeinit</name>
         <load_address>0x2000e2a4</load_address>
         <run_address>0x2000e2a4</run_address>
         <size>0x2c</size>
         <input_file_ref idref="fl-168"/>
      </object_component>
      <object_component id="oc-50b">
         <name>.text:_SlDrvFlowContInit</name>
         <load_address>0x2000e2d0</load_address>
         <run_address>0x2000e2d0</run_address>
         <size>0x2c</size>
         <input_file_ref idref="fl-168"/>
      </object_component>
      <object_component id="oc-25f">
         <name>.text:PRCMPeripheralClkDisable</name>
         <load_address>0x2000e2fc</load_address>
         <run_address>0x2000e2fc</run_address>
         <size>0x28</size>
         <input_file_ref idref="fl-15f"/>
      </object_component>
      <object_component id="oc-653">
         <name>.text:_sl_BuildAddress</name>
         <load_address>0x2000e324</load_address>
         <run_address>0x2000e324</run_address>
         <size>0x28</size>
         <input_file_ref idref="fl-16b"/>
      </object_component>
      <object_component id="oc-19b">
         <name>.text:sl_WlanSetMode</name>
         <load_address>0x2000e34c</load_address>
         <run_address>0x2000e34c</run_address>
         <size>0x28</size>
         <input_file_ref idref="fl-16c"/>
      </object_component>
      <object_component id="oc-2ee">
         <name>.text:IntUnregister</name>
         <load_address>0x2000e374</load_address>
         <run_address>0x2000e374</run_address>
         <size>0x24</size>
         <input_file_ref idref="fl-15d"/>
      </object_component>
      <object_component id="oc-3ee">
         <name>.text:UARTEnable</name>
         <load_address>0x2000e398</load_address>
         <run_address>0x2000e398</run_address>
         <size>0x24</size>
         <input_file_ref idref="fl-160"/>
      </object_component>
      <object_component id="oc-305">
         <name>.text</name>
         <load_address>0x2000e3bc</load_address>
         <run_address>0x2000e3bc</run_address>
         <size>0x24</size>
         <input_file_ref idref="fl-143"/>
      </object_component>
      <object_component id="oc-43c">
         <name>.text:sl_Close</name>
         <load_address>0x2000e3e0</load_address>
         <run_address>0x2000e3e0</run_address>
         <size>0x24</size>
         <input_file_ref idref="fl-16b"/>
      </object_component>
      <object_component id="oc-1b3">
         <name>.text:sl_WlanProfileDel</name>
         <load_address>0x2000e404</load_address>
         <run_address>0x2000e404</run_address>
         <size>0x24</size>
         <input_file_ref idref="fl-16c"/>
      </object_component>
      <object_component id="oc-33b">
         <name>.text:NwpRegisterInterruptHandler</name>
         <load_address>0x2000e428</load_address>
         <run_address>0x2000e428</run_address>
         <size>0x22</size>
         <input_file_ref idref="fl-16d"/>
      </object_component>
      <object_component id="oc-51e">
         <name>.text:SPIReset</name>
         <load_address>0x2000e44a</load_address>
         <run_address>0x2000e44a</run_address>
         <size>0x22</size>
         <input_file_ref idref="fl-17a"/>
      </object_component>
      <object_component id="oc-777">
         <name>.text:SPIWordCountSet</name>
         <load_address>0x2000e46c</load_address>
         <run_address>0x2000e46c</run_address>
         <size>0x22</size>
         <input_file_ref idref="fl-17a"/>
      </object_component>
      <object_component id="oc-2dc">
         <name>.text:IntRegister</name>
         <load_address>0x2000e490</load_address>
         <run_address>0x2000e490</run_address>
         <size>0x20</size>
         <input_file_ref idref="fl-15d"/>
      </object_component>
      <object_component id="oc-7d1">
         <name>.text:_SlDrvCmdSend</name>
         <load_address>0x2000e4b0</load_address>
         <run_address>0x2000e4b0</run_address>
         <size>0x20</size>
         <input_file_ref idref="fl-167"/>
      </object_component>
      <object_component id="oc-27f">
         <name>.text:UARTCharPut</name>
         <load_address>0x2000e4d0</load_address>
         <run_address>0x2000e4d0</run_address>
         <size>0x1e</size>
         <input_file_ref idref="fl-160"/>
      </object_component>
      <object_component id="oc-5b2">
         <name>.text:_SlDrvObjDeInit</name>
         <load_address>0x2000e4f0</load_address>
         <run_address>0x2000e4f0</run_address>
         <size>0x1c</size>
         <input_file_ref idref="fl-167"/>
      </object_component>
      <object_component id="oc-61e">
         <name>.text</name>
         <load_address>0x2000e50c</load_address>
         <run_address>0x2000e50c</run_address>
         <size>0x1c</size>
         <input_file_ref idref="fl-158"/>
      </object_component>
      <object_component id="oc-4c9">
         <name>.text:uDMAChannelDisable</name>
         <load_address>0x2000e528</load_address>
         <run_address>0x2000e528</run_address>
         <size>0x1c</size>
         <input_file_ref idref="fl-161"/>
      </object_component>
      <object_component id="oc-4bd">
         <name>.text:uDMAChannelEnable</name>
         <load_address>0x2000e544</load_address>
         <run_address>0x2000e544</run_address>
         <size>0x1c</size>
         <input_file_ref idref="fl-161"/>
      </object_component>
      <object_component id="oc-4c3">
         <name>.text:uDMAChannelRequest</name>
         <load_address>0x2000e560</load_address>
         <run_address>0x2000e560</run_address>
         <size>0x1c</size>
         <input_file_ref idref="fl-161"/>
      </object_component>
      <object_component id="oc-783">
         <name>.text:CopyPingResultsToReport</name>
         <load_address>0x2000e57c</load_address>
         <run_address>0x2000e57c</run_address>
         <size>0x1a</size>
         <input_file_ref idref="fl-169"/>
      </object_component>
      <object_component id="oc-26c">
         <name>.text:PinTypeUART</name>
         <load_address>0x2000e596</load_address>
         <run_address>0x2000e596</run_address>
         <size>0x1a</size>
         <input_file_ref idref="fl-15e"/>
      </object_component>
      <object_component id="oc-5a5">
         <name>.text:SPIDmaDisable</name>
         <load_address>0x2000e5b0</load_address>
         <run_address>0x2000e5b0</run_address>
         <size>0x1a</size>
         <input_file_ref idref="fl-17a"/>
      </object_component>
      <object_component id="oc-536">
         <name>.text:SPIDmaEnable</name>
         <load_address>0x2000e5ca</load_address>
         <run_address>0x2000e5ca</run_address>
         <size>0x1a</size>
         <input_file_ref idref="fl-17a"/>
      </object_component>
      <object_component id="oc-59f">
         <name>.text:SPIFIFODisable</name>
         <load_address>0x2000e5e4</load_address>
         <run_address>0x2000e5e4</run_address>
         <size>0x1a</size>
         <input_file_ref idref="fl-17a"/>
      </object_component>
      <object_component id="oc-530">
         <name>.text:SPIFIFOEnable</name>
         <load_address>0x2000e5fe</load_address>
         <run_address>0x2000e5fe</run_address>
         <size>0x1a</size>
         <input_file_ref idref="fl-17a"/>
      </object_component>
      <object_component id="oc-7a8">
         <name>.text:_SlDrvDeviceEventHandler</name>
         <load_address>0x2000e618</load_address>
         <run_address>0x2000e618</run_address>
         <size>0x1a</size>
         <input_file_ref idref="fl-166"/>
      </object_component>
      <object_component id="oc-2b6">
         <name>.text:PRCMHibernateEnter</name>
         <load_address>0x2000e634</load_address>
         <run_address>0x2000e634</run_address>
         <size>0x18</size>
         <input_file_ref idref="fl-15f"/>
      </object_component>
      <object_component id="oc-512">
         <name>.text:SPICSDisable</name>
         <load_address>0x2000e64c</load_address>
         <run_address>0x2000e64c</run_address>
         <size>0x18</size>
         <input_file_ref idref="fl-17a"/>
      </object_component>
      <object_component id="oc-771">
         <name>.text:SPICSEnable</name>
         <load_address>0x2000e664</load_address>
         <run_address>0x2000e664</run_address>
         <size>0x18</size>
         <input_file_ref idref="fl-17a"/>
      </object_component>
      <object_component id="oc-518">
         <name>.text:SPIDisable</name>
         <load_address>0x2000e67c</load_address>
         <run_address>0x2000e67c</run_address>
         <size>0x18</size>
         <input_file_ref idref="fl-17a"/>
      </object_component>
      <object_component id="oc-548">
         <name>.text:SPIEnable</name>
         <load_address>0x2000e694</load_address>
         <run_address>0x2000e694</run_address>
         <size>0x18</size>
         <input_file_ref idref="fl-17a"/>
      </object_component>
      <object_component id="oc-45">
         <name>.text</name>
         <load_address>0x2000e6ac</load_address>
         <run_address>0x2000e6ac</run_address>
         <size>0x18</size>
         <input_file_ref idref="fl-14b"/>
      </object_component>
      <object_component id="oc-5ea">
         <name>.text</name>
         <load_address>0x2000e6c4</load_address>
         <run_address>0x2000e6c4</run_address>
         <size>0x18</size>
         <input_file_ref idref="fl-156"/>
      </object_component>
      <object_component id="oc-247">
         <name>.text:PRCMHIBRegRead</name>
         <load_address>0x2000e6dc</load_address>
         <run_address>0x2000e6dc</run_address>
         <size>0x16</size>
         <input_file_ref idref="fl-15f"/>
      </object_component>
      <object_component id="oc-24d">
         <name>.text:PRCMHIBRegWrite</name>
         <load_address>0x2000e6f2</load_address>
         <run_address>0x2000e6f2</run_address>
         <size>0x16</size>
         <input_file_ref idref="fl-15f"/>
      </object_component>
      <object_component id="oc-291">
         <name>.text:UARTCharGet</name>
         <load_address>0x2000e708</load_address>
         <run_address>0x2000e708</run_address>
         <size>0x16</size>
         <input_file_ref idref="fl-160"/>
      </object_component>
      <object_component id="oc-48d">
         <name>.text:uDMAIntRegister</name>
         <load_address>0x2000e71e</load_address>
         <run_address>0x2000e71e</run_address>
         <size>0x16</size>
         <input_file_ref idref="fl-161"/>
      </object_component>
      <object_component id="oc-237">
         <name>.text:CPUcpsie</name>
         <load_address>0x2000e734</load_address>
         <run_address>0x2000e734</run_address>
         <size>0x14</size>
         <input_file_ref idref="fl-164"/>
      </object_component>
      <object_component id="oc-119">
         <name>.text:IntVTableBaseSet</name>
         <load_address>0x2000e748</load_address>
         <run_address>0x2000e748</run_address>
         <size>0x14</size>
         <input_file_ref idref="fl-15d"/>
      </object_component>
      <object_component id="oc-79b">
         <name>.text:_SlDrvShiftDWord</name>
         <load_address>0x2000e75c</load_address>
         <run_address>0x2000e75c</run_address>
         <size>0x14</size>
         <input_file_ref idref="fl-167"/>
      </object_component>
      <object_component id="oc-15d">
         <name>.text</name>
         <load_address>0x2000e770</load_address>
         <run_address>0x2000e770</run_address>
         <size>0x14</size>
         <input_file_ref idref="fl-149"/>
      </object_component>
      <object_component id="oc-1e1">
         <name>.text</name>
         <load_address>0x2000e784</load_address>
         <run_address>0x2000e784</run_address>
         <size>0x14</size>
         <input_file_ref idref="fl-147"/>
      </object_component>
      <object_component id="oc-499">
         <name>.text:uDMAControlBaseSet</name>
         <load_address>0x2000e798</load_address>
         <run_address>0x2000e798</run_address>
         <size>0x14</size>
         <input_file_ref idref="fl-161"/>
      </object_component>
      <object_component id="oc-487">
         <name>.text:uDMAIntClear</name>
         <load_address>0x2000e7ac</load_address>
         <run_address>0x2000e7ac</run_address>
         <size>0x14</size>
         <input_file_ref idref="fl-161"/>
      </object_component>
      <object_component id="oc-1c">
         <name>.text:decompress:ZI</name>
         <load_address>0x2000e7c0</load_address>
         <run_address>0x2000e7c0</run_address>
         <size>0x12</size>
         <input_file_ref idref="fl-140"/>
      </object_component>
      <object_component id="oc-1cb">
         <name>.text:sl_NetAppMDNSUnRegisterService</name>
         <load_address>0x2000e7d2</load_address>
         <run_address>0x2000e7d2</run_address>
         <size>0x12</size>
         <input_file_ref idref="fl-169"/>
      </object_component>
      <object_component id="oc-4cf">
         <name>.text:uDMAIntUnregister</name>
         <load_address>0x2000e7e4</load_address>
         <run_address>0x2000e7e4</run_address>
         <size>0x12</size>
         <input_file_ref idref="fl-161"/>
      </object_component>
      <object_component id="oc-57a">
         <name>.text:NwpMaskInterrupt</name>
         <load_address>0x2000e7f8</load_address>
         <run_address>0x2000e7f8</run_address>
         <size>0x10</size>
         <input_file_ref idref="fl-16d"/>
      </object_component>
      <object_component id="oc-40e">
         <name>.text</name>
         <load_address>0x2000e808</load_address>
         <run_address>0x2000e808</run_address>
         <size>0x10</size>
         <input_file_ref idref="fl-178"/>
      </object_component>
      <object_component id="oc-16">
         <name>.text:decompress:none</name>
         <load_address>0x2000e818</load_address>
         <run_address>0x2000e818</run_address>
         <size>0xe</size>
         <input_file_ref idref="fl-13e"/>
      </object_component>
      <object_component id="oc-618">
         <name>.text</name>
         <load_address>0x2000e826</load_address>
         <run_address>0x2000e826</run_address>
         <size>0xe</size>
         <input_file_ref idref="fl-15a"/>
      </object_component>
      <object_component id="oc-2c">
         <name>.text</name>
         <load_address>0x2000e834</load_address>
         <run_address>0x2000e834</run_address>
         <size>0xe</size>
         <input_file_ref idref="fl-4"/>
      </object_component>
      <object_component id="oc-769">
         <name>.text:NwpUnMaskInterrupt</name>
         <load_address>0x2000e844</load_address>
         <run_address>0x2000e844</run_address>
         <size>0xc</size>
         <input_file_ref idref="fl-16d"/>
      </object_component>
      <object_component id="oc-4d5">
         <name>.text:uDMADisable</name>
         <load_address>0x2000e850</load_address>
         <run_address>0x2000e850</run_address>
         <size>0xc</size>
         <input_file_ref idref="fl-161"/>
      </object_component>
      <object_component id="oc-493">
         <name>.text:uDMAEnable</name>
         <load_address>0x2000e85c</load_address>
         <run_address>0x2000e85c</run_address>
         <size>0xc</size>
         <input_file_ref idref="fl-161"/>
      </object_component>
      <object_component id="oc-481">
         <name>.text:uDMAIntStatus</name>
         <load_address>0x2000e868</load_address>
         <run_address>0x2000e868</run_address>
         <size>0xc</size>
         <input_file_ref idref="fl-161"/>
      </object_component>
      <object_component id="oc-11f">
         <name>.text:IntMasterEnable</name>
         <load_address>0x2000e874</load_address>
         <run_address>0x2000e874</run_address>
         <size>0xa</size>
         <input_file_ref idref="fl-15d"/>
      </object_component>
      <object_component id="oc-1b9">
         <name>.text:sl_WlanDisconnect</name>
         <load_address>0x2000e87e</load_address>
         <run_address>0x2000e87e</run_address>
         <size>0x8</size>
         <input_file_ref idref="fl-16c"/>
      </object_component>
      <object_component id="oc-1ed">
         <name>.text:UtilsDelay</name>
         <load_address>0x2000e886</load_address>
         <run_address>0x2000e886</run_address>
         <size>0x6</size>
         <input_file_ref idref="fl-162"/>
      </object_component>
      <object_component id="oc-22">
         <name>.text:decompress:rle24</name>
         <load_address>0x2000e88c</load_address>
         <run_address>0x2000e88c</run_address>
         <size>0x6</size>
         <input_file_ref idref="fl-13f"/>
      </object_component>
      <object_component id="oc-13d">
         <name>.text</name>
         <load_address>0x2000e892</load_address>
         <run_address>0x2000e892</run_address>
         <size>0x6</size>
         <input_file_ref idref="fl-b"/>
      </object_component>
      <object_component id="oc-72e">
         <name>.const:.string:_ctypes_</name>
         <load_address>0x2000e898</load_address>
         <run_address>0x2000e898</run_address>
         <size>0x102</size>
         <input_file_ref idref="fl-14f"/>
      </object_component>
      <object_component id="oc-5de">
         <name>.const:g_ulPinToPadMap</name>
         <load_address>0x2000e99c</load_address>
         <run_address>0x2000e99c</run_address>
         <size>0x100</size>
         <input_file_ref idref="fl-15e"/>
      </object_component>
      <object_component id="oc-36a">
         <name>.const</name>
         <load_address>0x2000ea9c</load_address>
         <run_address>0x2000ea9c</run_address>
         <size>0xec</size>
         <input_file_ref idref="fl-16c"/>
      </object_component>
      <object_component id="oc-4ed">
         <name>.const:g_pulRegs</name>
         <load_address>0x2000eb88</load_address>
         <run_address>0x2000eb88</run_address>
         <size>0xd4</size>
         <input_file_ref idref="fl-15d"/>
      </object_component>
      <object_component id="oc-3cf">
         <name>.const:PRCM_PeriphRegsList</name>
         <load_address>0x2000ec5c</load_address>
         <run_address>0x2000ec5c</run_address>
         <size>0xa8</size>
         <input_file_ref idref="fl-15f"/>
      </object_component>
      <object_component id="oc-243">
         <name>.const</name>
         <load_address>0x2000ed04</load_address>
         <run_address>0x2000ed04</run_address>
         <size>0x80</size>
         <input_file_ref idref="fl-15d"/>
      </object_component>
      <object_component id="oc-1de">
         <name>.const:.string</name>
         <load_address>0x2000ed84</load_address>
         <run_address>0x2000ed84</run_address>
         <size>0x62</size>
         <input_file_ref idref="fl-3"/>
      </object_component>
      <object_component id="oc-45d">
         <name>.const:.string</name>
         <load_address>0x2000ede6</load_address>
         <run_address>0x2000ede6</run_address>
         <size>0x5f</size>
         <input_file_ref idref="fl-175"/>
      </object_component>
      <object_component id="oc-5c0">
         <name>.const</name>
         <load_address>0x2000ee48</load_address>
         <run_address>0x2000ee48</run_address>
         <size>0x4c</size>
         <input_file_ref idref="fl-167"/>
      </object_component>
      <object_component id="oc-680">
         <name>.const:.string:g_ccB64Tbl</name>
         <load_address>0x2000ee94</load_address>
         <run_address>0x2000ee94</run_address>
         <size>0x40</size>
         <input_file_ref idref="fl-176"/>
      </object_component>
      <object_component id="oc-2cc">
         <name>.const:.string:$P$T0$1</name>
         <load_address>0x2000eed4</load_address>
         <run_address>0x2000eed4</run_address>
         <size>0x3d</size>
         <input_file_ref idref="fl-9"/>
      </object_component>
      <object_component id="oc-644">
         <name>.const</name>
         <load_address>0x2000ef14</load_address>
         <run_address>0x2000ef14</run_address>
         <size>0x34</size>
         <input_file_ref idref="fl-16b"/>
      </object_component>
      <object_component id="oc-1d1">
         <name>.const:$P$T1$2</name>
         <load_address>0x2000ef48</load_address>
         <run_address>0x2000ef48</run_address>
         <size>0x2c</size>
         <input_file_ref idref="fl-3"/>
      </object_component>
      <object_component id="oc-3b9">
         <name>.const</name>
         <load_address>0x2000ef74</load_address>
         <run_address>0x2000ef74</run_address>
         <size>0x28</size>
         <input_file_ref idref="fl-169"/>
      </object_component>
      <object_component id="oc-1d4">
         <name>.const</name>
         <load_address>0x2000ef9c</load_address>
         <run_address>0x2000ef9c</run_address>
         <size>0x24</size>
         <input_file_ref idref="fl-3"/>
      </object_component>
      <object_component id="oc-1dd">
         <name>.const:.string:$P$T0$1</name>
         <load_address>0x2000efc0</load_address>
         <run_address>0x2000efc0</run_address>
         <size>0x22</size>
         <input_file_ref idref="fl-3"/>
      </object_component>
      <object_component id="oc-74c">
         <name>.const</name>
         <load_address>0x2000efe4</load_address>
         <run_address>0x2000efe4</run_address>
         <size>0x18</size>
         <input_file_ref idref="fl-17a"/>
      </object_component>
      <object_component id="oc-381">
         <name>.const</name>
         <load_address>0x2000effc</load_address>
         <run_address>0x2000effc</run_address>
         <size>0x14</size>
         <input_file_ref idref="fl-166"/>
      </object_component>
      <object_component id="oc-399">
         <name>.const</name>
         <load_address>0x2000f010</load_address>
         <run_address>0x2000f010</run_address>
         <size>0x8</size>
         <input_file_ref idref="fl-16a"/>
      </object_component>
      <object_component id="oc-7f8">
         <name>.cinit..data.load</name>
         <load_address>0x2000f018</load_address>
         <run_address>0x2000f018</run_address>
         <size>0x3d</size>
      </object_component>
      <object_component id="oc-7f6">
         <name>__TI_handler_table</name>
         <load_address>0x2000f058</load_address>
         <run_address>0x2000f058</run_address>
         <size>0xc</size>
      </object_component>
      <object_component id="oc-7f9">
         <name>.cinit..bss.load</name>
         <load_address>0x2000f068</load_address>
         <run_address>0x2000f068</run_address>
         <size>0x8</size>
      </object_component>
      <object_component id="oc-7f7">
         <name>__TI_cinit_table</name>
         <load_address>0x2000f070</load_address>
         <run_address>0x2000f070</run_address>
         <size>0x10</size>
      </object_component>
      <object_component id="oc-51">
         <name>.data</name>
         <load_address>0x2001ffb8</load_address>
         <run_address>0x2001ffb8</run_address>
         <size>0x4</size>
         <input_file_ref idref="fl-146"/>
      </object_component>
      <object_component id="oc-80">
         <name>.data</name>
         <load_address>0x2001ff28</load_address>
         <run_address>0x2001ff28</run_address>
         <size>0x34</size>
         <input_file_ref idref="fl-172"/>
      </object_component>
      <object_component id="oc-84">
         <name>.data</name>
         <load_address>0x2001ffb4</load_address>
         <run_address>0x2001ffb4</run_address>
         <size>0x4</size>
         <input_file_ref idref="fl-16f"/>
      </object_component>
      <object_component id="oc-a9">
         <name>.data</name>
         <load_address>0x2001ffa4</load_address>
         <run_address>0x2001ffa4</run_address>
         <size>0x8</size>
         <input_file_ref idref="fl-149"/>
      </object_component>
      <object_component id="oc-ac">
         <name>.data</name>
         <load_address>0x2001ffac</load_address>
         <run_address>0x2001ffac</run_address>
         <size>0x8</size>
         <input_file_ref idref="fl-141"/>
      </object_component>
      <object_component id="oc-191">
         <name>.data</name>
         <load_address>0x2001ff8c</load_address>
         <run_address>0x2001ff8c</run_address>
         <size>0xc</size>
         <input_file_ref idref="fl-3"/>
      </object_component>
      <object_component id="oc-2c9">
         <name>.data</name>
         <load_address>0x2001ff70</load_address>
         <run_address>0x2001ff70</run_address>
         <size>0x10</size>
         <input_file_ref idref="fl-9"/>
      </object_component>
      <object_component id="oc-2fa">
         <name>.data</name>
         <load_address>0x2001ff80</load_address>
         <run_address>0x2001ff80</run_address>
         <size>0xc</size>
         <input_file_ref idref="fl-16e"/>
      </object_component>
      <object_component id="oc-353">
         <name>.data</name>
         <load_address>0x2001fd40</load_address>
         <run_address>0x2001fd40</run_address>
         <size>0x184</size>
         <input_file_ref idref="fl-167"/>
      </object_component>
      <object_component id="oc-3c2">
         <name>.data</name>
         <load_address>0x2001ff98</load_address>
         <run_address>0x2001ff98</run_address>
         <size>0xc</size>
         <input_file_ref idref="fl-144"/>
      </object_component>
      <object_component id="oc-41a">
         <name>.data</name>
         <load_address>0x2001ff5c</load_address>
         <run_address>0x2001ff5c</run_address>
         <size>0x11</size>
         <input_file_ref idref="fl-175"/>
      </object_component>
      <object_component id="oc-54e">
         <name>.data</name>
         <load_address>0x2001fec4</load_address>
         <run_address>0x2001fec4</run_address>
         <size>0x64</size>
         <input_file_ref idref="fl-16d"/>
      </object_component>
      <object_component id="oc-d8">
         <name>.bss:pxReadyTasksLists</name>
         <uninitialized>true</uninitialized>
         <run_address>0x2001f900</run_address>
         <size>0xc8</size>
         <input_file_ref idref="fl-172"/>
      </object_component>
      <object_component id="oc-186">
         <name>.bss:g_ucConnectionSSID</name>
         <uninitialized>true</uninitialized>
         <run_address>0x2001fc84</run_address>
         <size>0x24</size>
         <input_file_ref idref="fl-3"/>
      </object_component>
      <object_component id="oc-41d">
         <name>.bss:g_sEmail</name>
         <uninitialized>true</uninitialized>
         <run_address>0x2001f7ff</run_address>
         <size>0xff</size>
         <input_file_ref idref="fl-175"/>
      </object_component>
      <object_component id="oc-442">
         <name>.bss:g_sEmailOpt</name>
         <uninitialized>true</uninitialized>
         <run_address>0x2001fc60</run_address>
         <size>0x24</size>
         <input_file_ref idref="fl-175"/>
      </object_component>
      <object_component id="oc-44b">
         <name>.bss:g_sDestination</name>
         <uninitialized>true</uninitialized>
         <run_address>0x2001f700</run_address>
         <size>0xff</size>
         <input_file_ref idref="fl-175"/>
      </object_component>
      <object_component id="oc-44e">
         <name>.bss:g_sSubject</name>
         <uninitialized>true</uninitialized>
         <run_address>0x2001fc20</run_address>
         <size>0x3d</size>
         <input_file_ref idref="fl-175"/>
      </object_component>
      <object_component id="oc-451">
         <name>.bss:g_cMessage</name>
         <uninitialized>true</uninitialized>
         <run_address>0x2001fbe0</run_address>
         <size>0x40</size>
         <input_file_ref idref="fl-175"/>
      </object_component>
      <object_component id="oc-45a">
         <name>.bss:g_cBuf</name>
         <uninitialized>true</uninitialized>
         <run_address>0x2001fac8</run_address>
         <size>0x64</size>
         <input_file_ref idref="fl-175"/>
      </object_component>
      <object_component id="oc-460">
         <name>.bss:g_cBasekey1</name>
         <uninitialized>true</uninitialized>
         <run_address>0x2001f9c8</run_address>
         <size>0x80</size>
         <input_file_ref idref="fl-175"/>
      </object_component>
      <object_component id="oc-463">
         <name>.bss:g_cBasekey2</name>
         <uninitialized>true</uninitialized>
         <run_address>0x2001fa48</run_address>
         <size>0x80</size>
         <input_file_ref idref="fl-175"/>
      </object_component>
      <object_component id="oc-467">
         <name>.bss:g_cUsernameRfc</name>
         <uninitialized>true</uninitialized>
         <run_address>0x2001f500</run_address>
         <size>0x100</size>
         <input_file_ref idref="fl-175"/>
      </object_component>
      <object_component id="oc-470">
         <name>.bss:g_cDestinationEmailRfc</name>
         <uninitialized>true</uninitialized>
         <run_address>0x2001f400</run_address>
         <size>0x100</size>
         <input_file_ref idref="fl-175"/>
      </object_component>
      <object_component id="oc-479">
         <name>.bss:g_cCmdBuf</name>
         <uninitialized>true</uninitialized>
[...]
      <symbol id="sm-10d5">
         <name>xQueueGenericReset</name>
         <value>0x20007fa9</value>
         <object_component_ref idref="oc-2f4"/>
      </symbol>
      <symbol id="sm-10d6">
         <name>xQueueReceiveFromISR</name>
         <value>0x200085e1</value>
         <object_component_ref idref="oc-2f4"/>
      </symbol>
      <symbol id="sm-10d7">
         <name>uxQueueSpacesAvailable</name>
         <value>0x200086b3</value>
         <object_component_ref idref="oc-2f4"/>
      </symbol>
      <symbol id="sm-10d8">
         <name>xQueueRegistry</name>
         <value>0x2001fb90</value>
         <object_component_ref idref="oc-4f9"/>
      </symbol>
      <symbol id="sm-10d9">
         <name>vQueueUnregisterQueue</name>
         <value>0x20008985</value>
         <object_component_ref idref="oc-2f4"/>
      </symbol>
      <symbol id="sm-10da">
         <name>xQueueAltGenericReceive</name>
         <value>0x20008305</value>
         <object_component_ref idref="oc-2f4"/>
      </symbol>
      <symbol id="sm-10db">
         <name>uxQueueMessagesWaitingFromISR</name>
         <value>0x200086d3</value>
         <object_component_ref idref="oc-2f4"/>
      </symbol>
      <symbol id="sm-10dc">
         <name>uxQueueGetQueueNumber</name>
         <value>0x20008709</value>
         <object_component_ref idref="oc-2f4"/>
      </symbol>
      <symbol id="sm-10dd">
         <name>xQueueGenericReceive</name>
         <value>0x2000849f</value>
         <object_component_ref idref="oc-2f4"/>
      </symbol>
      <symbol id="sm-10de">
         <name>xQueueCreateCountingSemaphore</name>
         <value>0x2000812d</value>
         <object_component_ref idref="oc-2f4"/>
      </symbol>
      <symbol id="sm-10df">
         <name>vQueueDelete</name>
         <value>0x200086e5</value>
         <object_component_ref idref="oc-2f4"/>
      </symbol>
      <symbol id="sm-10e0">
         <name>xQueueAddToSet</name>
         <value>0x200089d3</value>
         <object_component_ref idref="oc-2f4"/>
      </symbol>
      <symbol id="sm-10e1">
         <name>xQueueAltGenericSend</name>
         <value>0x20008259</value>
         <object_component_ref idref="oc-2f4"/>
      </symbol>
      <symbol id="sm-10e2">
         <name>xQueueCreateSet</name>
         <value>0x200089bf</value>
         <object_component_ref idref="oc-2f4"/>
      </symbol>
      <symbol id="sm-10e3">
         <name>xQueueRemoveFromSet</name>
         <value>0x20008a07</value>
         <object_component_ref idref="oc-2f4"/>
      </symbol>
      <symbol id="sm-10e4">
         <name>ucQueueGetQueueType</name>
         <value>0x20008729</value>
         <object_component_ref idref="oc-2f4"/>
      </symbol>
      <symbol id="sm-1254">
         <name>vTaskDelay</name>
         <value>0x2000463b</value>
         <object_component_ref idref="oc-7a"/>
      </symbol>
      <symbol id="sm-1255">
         <name>vTaskSuspendAll</name>
         <value>0x20004a9f</value>
         <object_component_ref idref="oc-7a"/>
      </symbol>
      <symbol id="sm-1256">
         <name>vTaskPriorityInherit</name>
         <value>0x200054dd</value>
         <object_component_ref idref="oc-7a"/>
      </symbol>
      <symbol id="sm-1257">
         <name>vTaskPlaceOnEventList</name>
         <value>0x20004e51</value>
         <object_component_ref idref="oc-7a"/>
      </symbol>
      <symbol id="sm-1258">
         <name>vTaskSetTaskNumber</name>
         <value>0x200050e9</value>
         <object_component_ref idref="oc-7a"/>
      </symbol>
      <symbol id="sm-1259">
         <name>xTaskCheckForTimeOut</name>
         <value>0x20005041</value>
         <object_component_ref idref="oc-7a"/>
      </symbol>
      <symbol id="sm-125a">
         <name>xTaskRemoveFromUnorderedEventList</name>
         <value>0x20004fad</value>
         <object_component_ref idref="oc-7a"/>
      </symbol>
      <symbol id="sm-125b">
         <name>vTaskPrioritySet</name>
         <value>0x2000475d</value>
         <object_component_ref idref="oc-7a"/>
      </symbol>
      <symbol id="sm-125c">
         <name>vTaskStartScheduler</name>
         <value>0x20004a43</value>
         <object_component_ref idref="oc-7a"/>
      </symbol>
      <symbol id="sm-125d">
         <name>pcTaskGetTaskName</name>
         <value>0x20004bb5</value>
         <object_component_ref idref="oc-7a"/>
      </symbol>
      <symbol id="sm-125e">
         <name>vTaskPriorityDisinherit</name>
         <value>0x20005597</value>
         <object_component_ref idref="oc-7a"/>
      </symbol>
      <symbol id="sm-125f">
         <name>vTaskDelayUntil</name>
         <value>0x2000459f</value>
         <object_component_ref idref="oc-7a"/>
      </symbol>
      <symbol id="sm-1260">
         <name>uxTaskGetTaskNumber</name>
         <value>0x200050c9</value>
         <object_component_ref idref="oc-7a"/>
      </symbol>
      <symbol id="sm-1261">
         <name>vTaskEndScheduler</name>
         <value>0x20004a8d</value>
         <object_component_ref idref="oc-7a"/>
      </symbol>
      <symbol id="sm-1262">
         <name>vTaskMissedYield</name>
         <value>0x200050bb</value>
         <object_component_ref idref="oc-7a"/>
      </symbol>
      <symbol id="sm-1263">
         <name>uxTaskGetNumberOfTasks</name>
         <value>0x20004ba9</value>
         <object_component_ref idref="oc-7a"/>
      </symbol>
      <symbol id="sm-1264">
         <name>uxTaskPriorityGet</name>
         <value>0x20004725</value>
         <object_component_ref idref="oc-7a"/>
      </symbol>
      <symbol id="sm-1265">
         <name>xTaskResumeAll</name>
         <value>0x20004ab1</value>
         <object_component_ref idref="oc-7a"/>
      </symbol>
      <symbol id="sm-1266">
         <name>xTaskGetTickCount</name>
         <value>0x20004b7d</value>
         <object_component_ref idref="oc-7a"/>
      </symbol>
      <symbol id="sm-1267">
         <name>xTaskGenericCreate</name>
         <value>0x20004401</value>
         <object_component_ref idref="oc-7a"/>
      </symbol>
      <symbol id="sm-1268">
         <name>uxTaskGetSystemState</name>
         <value>0x20004bd9</value>
         <object_component_ref idref="oc-7a"/>
      </symbol>
      <symbol id="sm-1269">
         <name>vTaskDelete</name>
         <value>0x2000450f</value>
         <object_component_ref idref="oc-7a"/>
      </symbol>
      <symbol id="sm-126a">
         <name>pxCurrentTCB</name>
         <value>0x2001ff28</value>
         <object_component_ref idref="oc-80"/>
      </symbol>
      <symbol id="sm-126b">
         <name>eTaskGetState</name>
         <value>0x20004691</value>
         <object_component_ref idref="oc-7a"/>
      </symbol>
      <symbol id="sm-126c">
         <name>vTaskSuspend</name>
         <value>0x20004861</value>
         <object_component_ref idref="oc-7a"/>
      </symbol>
      <symbol id="sm-126d">
         <name>xTaskGetIdleTaskHandle</name>
         <value>0x20004c97</value>
         <object_component_ref idref="oc-7a"/>
      </symbol>
      <symbol id="sm-126e">
         <name>xTaskGetTickCountFromISR</name>
         <value>0x20004b91</value>
         <object_component_ref idref="oc-7a"/>
      </symbol>
      <symbol id="sm-126f">
         <name>vTaskResume</name>
         <value>0x20004955</value>
         <object_component_ref idref="oc-7a"/>
      </symbol>
      <symbol id="sm-1270">
         <name>vTaskSetTimeOutState</name>
         <value>0x2000501b</value>
         <object_component_ref idref="oc-7a"/>
      </symbol>
      <symbol id="sm-1271">
         <name>xTaskIncrementTick</name>
         <value>0x20004cb5</value>
         <object_component_ref idref="oc-7a"/>
      </symbol>
      <symbol id="sm-1272">
         <name>vTaskSwitchContext</name>
         <value>0x20004dd1</value>
         <object_component_ref idref="oc-7a"/>
      </symbol>
      <symbol id="sm-1273">
         <name>uxTaskResetEventItemValue</name>
         <value>0x20005621</value>
         <object_component_ref idref="oc-7a"/>
      </symbol>
      <symbol id="sm-1274">
         <name>xTaskGetSchedulerState</name>
         <value>0x200054a5</value>
         <object_component_ref idref="oc-7a"/>
      </symbol>
      <symbol id="sm-1275">
         <name>xTaskResumeFromISR</name>
         <value>0x200049c9</value>
         <object_component_ref idref="oc-7a"/>
      </symbol>
      <symbol id="sm-1276">
         <name>xTaskGetCurrentTaskHandle</name>
         <value>0x20005491</value>
         <object_component_ref idref="oc-7a"/>
      </symbol>
      <symbol id="sm-1277">
         <name>vTaskPlaceOnUnorderedEventList</name>
         <value>0x20004eb5</value>
         <object_component_ref idref="oc-7a"/>
      </symbol>
      <symbol id="sm-1278">
         <name>xTaskRemoveFromEventList</name>
         <value>0x20004f25</value>
         <object_component_ref idref="oc-7a"/>
      </symbol>
      <symbol id="sm-1288">
         <name>pvPortMalloc</name>
         <value>0x2000df81</value>
         <object_component_ref idref="oc-ee"/>
      </symbol>
      <symbol id="sm-1289">
         <name>vPortFree</name>
         <value>0x2000dfa1</value>
         <object_component_ref idref="oc-ee"/>
      </symbol>
      <symbol id="sm-129f">
         <name>uxListRemove</name>
         <value>0x2000b4af</value>
         <object_component_ref idref="oc-d2"/>
      </symbol>
      <symbol id="sm-12a0">
         <name>vListInsert</name>
         <value>0x2000b449</value>
         <object_component_ref idref="oc-d2"/>
      </symbol>
      <symbol id="sm-12a1">
         <name>vListInitialiseItem</name>
         <value>0x2000b3fd</value>
         <object_component_ref idref="oc-d2"/>
      </symbol>
      <symbol id="sm-12a2">
         <name>vListInsertEnd</name>
         <value>0x2000b40d</value>
         <object_component_ref idref="oc-d2"/>
      </symbol>
      <symbol id="sm-12a3">
         <name>vListInitialise</name>
         <value>0x2000b3cd</value>
         <object_component_ref idref="oc-d2"/>
      </symbol>
      <symbol id="sm-13de">
         <name>g_sSourcePass</name>
         <value>0x2001fca8</value>
      </symbol>
      <symbol id="sm-13df">
         <name>cSmtpFrom</name>
         <value>0x2000ee1d</value>
         <object_component_ref idref="oc-45d"/>
      </symbol>
      <symbol id="sm-13e0">
         <name>g_lSmtpSocket</name>
         <value>0x2001ff64</value>
         <object_component_ref idref="oc-41a"/>
      </symbol>
      <symbol id="sm-13e1">
         <name>g_uiEmailErrorInfo</name>
         <value>0x2001ff6c</value>
         <object_component_ref idref="oc-41a"/>
      </symbol>
      <symbol id="sm-13e2">
         <name>cSmtpDcrlf</name>
         <value>0x2000ee09</value>
         <object_component_ref idref="oc-45d"/>
      </symbol>
      <symbol id="sm-13e3">
         <name>g_cUsernameRfc</name>
         <value>0x2001f500</value>
         <object_component_ref idref="oc-467"/>
      </symbol>
      <symbol id="sm-13e4">
         <name>g_cBuf</name>
         <value>0x2001fac8</value>
         <object_component_ref idref="oc-45a"/>
      </symbol>
      <symbol id="sm-13e5">
         <name>cSmtpSubject</name>
         <value>0x2000ee0e</value>
         <object_component_ref idref="oc-45d"/>
      </symbol>
      <symbol id="sm-13e6">
         <name>g_sEmailOpt</name>
         <value>0x2001fc60</value>
         <object_component_ref idref="oc-442"/>
      </symbol>
      <symbol id="sm-13e7">
         <name>cSmtpMailFrom</name>
         <value>0x2000edeb</value>
         <object_component_ref idref="oc-45d"/>
      </symbol>
      <symbol id="sm-13e8">
         <name>g_uiEmailSetStatus</name>
         <value>0x2001ff68</value>
         <object_component_ref idref="oc-41a"/>
      </symbol>
      <symbol id="sm-13e9">
         <name>g_cDestinationEmailRfc</name>
         <value>0x2001f400</value>
         <object_component_ref idref="oc-470"/>
      </symbol>
      <symbol id="sm-13ea">
         <name>cSmtpCodeOkReply</name>
         <value>0x2000ee35</value>
         <object_component_ref idref="oc-45d"/>
      </symbol>
      <symbol id="sm-13eb">
         <name>cSmtpCodeIntermedReply</name>
         <value>0x2000ee39</value>
         <object_component_ref idref="oc-45d"/>
      </symbol>
      <symbol id="sm-13ec">
         <name>cSmtpDataEnd</name>
         <value>0x2000ee24</value>
         <object_component_ref idref="oc-45d"/>
      </symbol>
      <symbol id="sm-13ed">
         <name>g_cCmdBuf</name>
         <value>0x2001fb2c</value>
         <object_component_ref idref="oc-479"/>
      </symbol>
      <symbol id="sm-13ee">
         <name>cSmtpCrlf</name>
         <value>0x2000ee06</value>
         <object_component_ref idref="oc-45d"/>
      </symbol>
      <symbol id="sm-13ef">
         <name>g_sDestination</name>
         <value>0x2001f700</value>
         <object_component_ref idref="oc-44b"/>
      </symbol>
      <symbol id="sm-13f0">
         <name>sl_NetAppEmailGet</name>
         <value>0x2000750f</value>
         <object_component_ref idref="oc-2c3"/>
      </symbol>
      <symbol id="sm-13f1">
         <name>cSmtpData</name>
         <value>0x2000ee01</value>
         <object_component_ref idref="oc-45d"/>
      </symbol>
      <symbol id="sm-13f2">
         <name>cSmtpCodeReady</name>
         <value>0x2000ee31</value>
         <object_component_ref idref="oc-45d"/>
      </symbol>
      <symbol id="sm-13f3">
         <name>g_uiSmtpStatus</name>
         <value>0x2001ff5c</value>
         <object_component_ref idref="oc-41a"/>
      </symbol>
      <symbol id="sm-13f4">
         <name>cSmtpTo</name>
         <value>0x2000ee18</value>
         <object_component_ref idref="oc-45d"/>
      </symbol>
      <symbol id="sm-13f5">
         <name>_smtpStateMachine</name>
         <value>0x20007785</value>
         <object_component_ref idref="oc-2c3"/>
      </symbol>
      <symbol id="sm-13f6">
         <name>cSmtpRcpt</name>
         <value>0x2000edf7</value>
         <object_component_ref idref="oc-45d"/>
      </symbol>
      <symbol id="sm-13f7">
         <name>cSmtpCodeAuthSuccess</name>
         <value>0x2000ee41</value>
         <object_component_ref idref="oc-45d"/>
      </symbol>
      <symbol id="sm-13f8">
         <name>g_iConnectStatus</name>
         <value>0x2001ff60</value>
         <object_component_ref idref="oc-41a"/>
      </symbol>
      <symbol id="sm-13f9">
         <name>cSmtpQuit</name>
         <value>0x2000ee2a</value>
         <object_component_ref idref="oc-45d"/>
      </symbol>
      <symbol id="sm-13fa">
         <name>g_cBasekey2</name>
         <value>0x2001fa48</value>
         <object_component_ref idref="oc-463"/>
      </symbol>
      <symbol id="sm-13fb">
         <name>g_cBasekey1</name>
         <value>0x2001f9c8</value>
         <object_component_ref idref="oc-460"/>
      </symbol>
      <symbol id="sm-13fc">
         <name>cSmtpCodeAuthReply</name>
         <value>0x2000ee3d</value>
         <object_component_ref idref="oc-45d"/>
      </symbol>
      <symbol id="sm-13fd">
         <name>sl_NetAppEmailConnect</name>
         <value>0x200075af</value>
         <object_component_ref idref="oc-2c3"/>
      </symbol>
      <symbol id="sm-13fe">
         <name>_smtpConnect</name>
         <value>0x20007629</value>
         <object_component_ref idref="oc-2c3"/>
      </symbol>
      <symbol id="sm-13ff">
         <name>g_cMessage</name>
         <value>0x2001fbe0</value>
         <object_component_ref idref="oc-451"/>
      </symbol>
      <symbol id="sm-1400">
         <name>g_sEmail</name>
         <value>0x2001f7ff</value>
         <object_component_ref idref="oc-41d"/>
      </symbol>
      <symbol id="sm-1401">
         <name>cSmtpHelo</name>
         <value>0x2000ede6</value>
         <object_component_ref idref="oc-45d"/>
      </symbol>
      <symbol id="sm-1402">
         <name>sl_NetAppEmailSet</name>
         <value>0x20007405</value>
         <object_component_ref idref="oc-2c3"/>
      </symbol>
      <symbol id="sm-1403">
         <name>sl_NetAppEmailSend</name>
         <value>0x200075cd</value>
         <object_component_ref idref="oc-2c3"/>
      </symbol>
      <symbol id="sm-1404">
         <name>_generateBase64Key</name>
         <value>0x20007e41</value>
         <object_component_ref idref="oc-2c3"/>
      </symbol>
      <symbol id="sm-1405">
         <name>_sendSMTPCommand</name>
         <value>0x20007ebd</value>
         <object_component_ref idref="oc-2c3"/>
      </symbol>
      <symbol id="sm-1406">
         <name>g_sSubject</name>
         <value>0x2001fc20</value>
         <object_component_ref idref="oc-44e"/>
      </symbol>
      <symbol id="sm-1424">
         <name>ConvertToBase64</name>
         <value>0x2000adc9</value>
         <object_component_ref idref="oc-473"/>
      </symbol>
      <symbol id="sm-1433">
         <name>strcpy</name>
         <value>0x2000e809</value>
         <object_component_ref idref="oc-40e"/>
      </symbol>
      <symbol id="sm-1443">
         <name>strncpy</name>
         <value>0x2000e1bd</value>
         <object_component_ref idref="oc-414"/>
      </symbol>
      <symbol id="sm-14df">
         <name>SPIFIFODisable</name>
         <value>0x2000e5e5</value>
         <object_component_ref idref="oc-59f"/>
      </symbol>
      <symbol id="sm-14e0">
         <name>SPICSEnable</name>
         <value>0x2000e665</value>
         <object_component_ref idref="oc-771"/>
      </symbol>
      <symbol id="sm-14e1">
         <name>SPIDisable</name>
         <value>0x2000e67d</value>
         <object_component_ref idref="oc-518"/>
      </symbol>
      <symbol id="sm-14e2">
         <name>SPIFIFOEnable</name>
         <value>0x2000e5ff</value>
         <object_component_ref idref="oc-530"/>
      </symbol>
      <symbol id="sm-14e3">
         <name>SPIWordCountSet</name>
         <value>0x2000e46d</value>
         <object_component_ref idref="oc-777"/>
      </symbol>
      <symbol id="sm-14e4">
         <name>SPIEnable</name>
         <value>0x2000e695</value>
         <object_component_ref idref="oc-548"/>
      </symbol>
      <symbol id="sm-14e5">
         <name>SPIDmaEnable</name>
         <value>0x2000e5cb</value>
         <object_component_ref idref="oc-536"/>
      </symbol>
      <symbol id="sm-14e6">
         <name>SPIConfigSetExpClk</name>
         <value>0x2000c529</value>
         <object_component_ref idref="oc-524"/>
      </symbol>
      <symbol id="sm-14e7">
         <name>SPIFIFOLevelSet</name>
         <value>0x2000e05d</value>
         <object_component_ref idref="oc-53c"/>
      </symbol>
      <symbol id="sm-14e8">
         <name>SPIDmaDisable</name>
         <value>0x2000e5b1</value>
         <object_component_ref idref="oc-5a5"/>
      </symbol>
      <symbol id="sm-14e9">
         <name>SPIReset</name>
         <value>0x2000e44b</value>
         <object_component_ref idref="oc-51e"/>
      </symbol>
      <symbol id="sm-14ea">
         <name>SPIIntEnable</name>
         <value>0x2000d8a1</value>
         <object_component_ref idref="oc-542"/>
      </symbol>
      <symbol id="sm-14eb">
         <name>SPIIntClear</name>
         <value>0x2000da65</value>
         <object_component_ref idref="oc-6c4"/>
      </symbol>
      <symbol id="sm-14ec">
         <name>SPICSDisable</name>
         <value>0x2000e64d</value>
         <object_component_ref idref="oc-512"/>
      </symbol>
      <symbol id="sm-14ed">
         <name>__TI_static_base__</name>
         <value>0x2000f018</value>
      </symbol>
      <symbol id="sm-14ee">
         <name>__TI_args_main</name>
         <value>0x1</value>
      </symbol>
      <symbol id="sm-14ef">
         <name>SHT$$INIT_ARRAY$$Limit</name>
         <value>0x0</value>
      </symbol>
      <symbol id="sm-14f0">
         <name>SHT$$INIT_ARRAY$$Base</name>
         <value>0x0</value>
      </symbol>
   </symbol_table>
   <title>Link successful</title>
</link_info>
